Archive member included to satisfy reference by file (symbol)

/usr/lib/gcc/arm-none-eabi/9.2.1/thumb/v6-m/nofp/libgcc.a(_dvmd_tls.o)
                              CMakeFiles/waterpipe.dir/home/thomas/pico/pico-sdk/src/rp2_common/pico_divider/divider.S.obj (__aeabi_idiv0)
/usr/lib/gcc/arm-none-eabi/9.2.1/../../../arm-none-eabi/lib/thumb/v6-m/nofp/libg.a(lib_a-atexit.o)
                              /usr/lib/gcc/arm-none-eabi/9.2.1/../../../arm-none-eabi/lib/thumb/v6-m/nofp/crt0.o (atexit)
/usr/lib/gcc/arm-none-eabi/9.2.1/../../../arm-none-eabi/lib/thumb/v6-m/nofp/libg.a(lib_a-calloc.o)
                              CMakeFiles/waterpipe.dir/home/thomas/pico/pico-sdk/src/rp2_common/pico_malloc/pico_malloc.c.obj (calloc)
/usr/lib/gcc/arm-none-eabi/9.2.1/../../../arm-none-eabi/lib/thumb/v6-m/nofp/libg.a(lib_a-callocr.o)
                              /usr/lib/gcc/arm-none-eabi/9.2.1/../../../arm-none-eabi/lib/thumb/v6-m/nofp/libg.a(lib_a-calloc.o) (_calloc_r)
/usr/lib/gcc/arm-none-eabi/9.2.1/../../../arm-none-eabi/lib/thumb/v6-m/nofp/libg.a(lib_a-ctype_.o)
                              CMakeFiles/waterpipe.dir/home/thomas/pico/pico-sdk/lib/tinyusb/src/tusb.c.obj (_ctype_)
/usr/lib/gcc/arm-none-eabi/9.2.1/../../../arm-none-eabi/lib/thumb/v6-m/nofp/libg.a(lib_a-fini.o)
                              /usr/lib/gcc/arm-none-eabi/9.2.1/../../../arm-none-eabi/lib/thumb/v6-m/nofp/crt0.o (__libc_fini_array)
/usr/lib/gcc/arm-none-eabi/9.2.1/../../../arm-none-eabi/lib/thumb/v6-m/nofp/libg.a(lib_a-impure.o)
                              /usr/lib/gcc/arm-none-eabi/9.2.1/../../../arm-none-eabi/lib/thumb/v6-m/nofp/libg.a(lib_a-calloc.o) (_impure_ptr)
/usr/lib/gcc/arm-none-eabi/9.2.1/../../../arm-none-eabi/lib/thumb/v6-m/nofp/libg.a(lib_a-init.o)
                              /usr/lib/gcc/arm-none-eabi/9.2.1/../../../arm-none-eabi/lib/thumb/v6-m/nofp/crt0.o (__libc_init_array)
/usr/lib/gcc/arm-none-eabi/9.2.1/../../../arm-none-eabi/lib/thumb/v6-m/nofp/libg.a(lib_a-malloc.o)
                              CMakeFiles/waterpipe.dir/home/thomas/pico/pico-sdk/src/rp2_common/pico_malloc/pico_malloc.c.obj (malloc)
/usr/lib/gcc/arm-none-eabi/9.2.1/../../../arm-none-eabi/lib/thumb/v6-m/nofp/libg.a(lib_a-mallocr.o)
                              /usr/lib/gcc/arm-none-eabi/9.2.1/../../../arm-none-eabi/lib/thumb/v6-m/nofp/libg.a(lib_a-callocr.o) (_malloc_r)
/usr/lib/gcc/arm-none-eabi/9.2.1/../../../arm-none-eabi/lib/thumb/v6-m/nofp/libg.a(lib_a-mlock.o)
                              /usr/lib/gcc/arm-none-eabi/9.2.1/../../../arm-none-eabi/lib/thumb/v6-m/nofp/libg.a(lib_a-mallocr.o) (__malloc_lock)
/usr/lib/gcc/arm-none-eabi/9.2.1/../../../arm-none-eabi/lib/thumb/v6-m/nofp/libg.a(lib_a-sbrkr.o)
                              /usr/lib/gcc/arm-none-eabi/9.2.1/../../../arm-none-eabi/lib/thumb/v6-m/nofp/libg.a(lib_a-mallocr.o) (_sbrk_r)
/usr/lib/gcc/arm-none-eabi/9.2.1/../../../arm-none-eabi/lib/thumb/v6-m/nofp/libg.a(lib_a-strlen-stub.o)
                              CMakeFiles/waterpipe.dir/home/thomas/pico/pico-sdk/src/rp2_common/pico_stdio/stdio.c.obj (strlen)
/usr/lib/gcc/arm-none-eabi/9.2.1/../../../arm-none-eabi/lib/thumb/v6-m/nofp/libg.a(lib_a-__atexit.o)
                              /usr/lib/gcc/arm-none-eabi/9.2.1/../../../arm-none-eabi/lib/thumb/v6-m/nofp/libg.a(lib_a-atexit.o) (__register_exitproc)
/usr/lib/gcc/arm-none-eabi/9.2.1/../../../arm-none-eabi/lib/thumb/v6-m/nofp/libg.a(lib_a-freer.o)
                              /usr/lib/gcc/arm-none-eabi/9.2.1/../../../arm-none-eabi/lib/thumb/v6-m/nofp/libg.a(lib_a-malloc.o) (_free_r)
/usr/lib/gcc/arm-none-eabi/9.2.1/../../../arm-none-eabi/lib/thumb/v6-m/nofp/libg.a(lib_a-reent.o)
                              /usr/lib/gcc/arm-none-eabi/9.2.1/../../../arm-none-eabi/lib/thumb/v6-m/nofp/libg.a(lib_a-sbrkr.o) (errno)

Allocating common symbols
Common symbol       size              file

hum                 0x4               CMakeFiles/waterpipe.dir/waterpipe.c.obj
sf_table            0x100             CMakeFiles/waterpipe.dir/home/thomas/pico/pico-sdk/src/rp2_common/pico_float/float_init_rom.c.obj
errno               0x4               /usr/lib/gcc/arm-none-eabi/9.2.1/../../../arm-none-eabi/lib/thumb/v6-m/nofp/libg.a(lib_a-reent.o)
stdBy               0x1               CMakeFiles/waterpipe.dir/waterpipe.c.obj
ovsPressure         0x1               CMakeFiles/waterpipe.dir/waterpipe.c.obj
ovsTime             0x1               CMakeFiles/waterpipe.dir/waterpipe.c.obj
ptrComp             0x4               CMakeFiles/waterpipe.dir/waterpipe.c.obj
temp                0x4               CMakeFiles/waterpipe.dir/waterpipe.c.obj
ovsHumidity         0x1               CMakeFiles/waterpipe.dir/waterpipe.c.obj
dma_channel         0x1               CMakeFiles/waterpipe.dir/waterlevel.c.obj
_usbd_qdef_buf      0xc0              CMakeFiles/waterpipe.dir/home/thomas/pico/pico-sdk/lib/tinyusb/src/device/usbd.c.obj
UART_IRQ            0x1               CMakeFiles/waterpipe.dir/hc05.c.obj
[...]
Memory Configuration

Name             Origin             Length             Attributes
FLASH            0x0000000010000000 0x0000000000200000 xr
RAM              0x0000000020000000 0x0000000000040000 xrw
SCRATCH_X        0x0000000020040000 0x0000000000001000 xrw
SCRATCH_Y        0x0000000020041000 0x0000000000001000 xrw
*default*        0x0000000000000000 0xffffffffffffffff

Linker script and memory map

LOAD /usr/lib/gcc/arm-none-eabi/9.2.1/thumb/v6-m/nofp/crti.o
LOAD /usr/lib/gcc/arm-none-eabi/9.2.1/thumb/v6-m/nofp/crtbegin.o
LOAD /usr/lib/gcc/arm-none-eabi/9.2.1/../../../arm-none-eabi/lib/thumb/v6-m/nofp/crt0.o

.flash_begin    0x0000000010000000        0x0
                0x0000000010000000                __flash_binary_start = .

.boot2          0x0000000010000000      0x100
                0x0000000010000000                __boot2_start__ = .
 *(.boot2)
 .boot2         0x0000000010000000      0x100 /tmp/cc8drQTT.o
                0x0000000010000100                __boot2_end__ = .
                0x0000000000000001                ASSERT (((__boot2_end__ - __boot2_start__) == 0x100), ERROR: Pico second stage bootloader must be 256 bytes in size)

.text           0x0000000010000100     0x9da8
                0x0000000010000100                __logical_binary_start = .
 *(.vectors)
 .vectors       0x0000000010000100       0xd4 CMakeFiles/waterpipe.dir/home/thomas/pico/pico-sdk/src/rp2_common/pico_standard_link/crt0.S.obj
                0x0000000010000100                __vectors
                0x0000000010000100                __VECTOR_TABLE
                0x00000000100001c0                isr_invalid
                0x00000000100001c0                __default_isrs_start
                0x00000000100001c2                isr_nmi
                0x00000000100001c4                isr_hardfault
                0x00000000100001c6                isr_svcall
                0x00000000100001c8                isr_pendsv
                0x00000000100001ca                isr_systick
                0x00000000100001cc                isr_irq30
                0x00000000100001cc                __unhandled_user_irq
                0x00000000100001cc                isr_irq13
                0x00000000100001cc                isr_irq27
                0x00000000100001cc                isr_irq31
                0x00000000100001cc                isr_irq5
                0x00000000100001cc                isr_irq11
                0x00000000100001cc                isr_irq23
                0x00000000100001cc                isr_irq18
                0x00000000100001cc                isr_irq28
                0x00000000100001cc                isr_irq19
                0x00000000100001cc                isr_irq0
                0x00000000100001cc                isr_irq6
                0x00000000100001cc                isr_irq22
                0x00000000100001cc                isr_irq17
                0x00000000100001cc                isr_irq14
                0x00000000100001cc                isr_irq2
                0x00000000100001cc                isr_irq10
                0x00000000100001cc                isr_irq8
                0x00000000100001cc                isr_irq24
                0x00000000100001cc                isr_irq1
                0x00000000100001cc                isr_irq7
                0x00000000100001cc                isr_irq21
                0x00000000100001cc                isr_irq20
                0x00000000100001cc                isr_irq15
                0x00000000100001cc                isr_irq25
                0x00000000100001cc                isr_irq4
                0x00000000100001cc                isr_irq16
                0x00000000100001cc                isr_irq29
                0x00000000100001cc                isr_irq26
                0x00000000100001cc                __default_isrs_end
                0x00000000100001cc                isr_irq3
                0x00000000100001cc                isr_irq12
                0x00000000100001cc                isr_irq9
                0x00000000100001d2                unhandled_user_irq_num_in_r0
 *(.binary_info_header)
 .binary_info_header
                0x00000000100001d4       0x14 CMakeFiles/waterpipe.dir/home/thomas/pico/pico-sdk/src/rp2_common/pico_standard_link/crt0.S.obj
                0x00000000100001e8                __binary_info_header_end = .
 *(.reset)
 .reset         0x00000000100001e8       0xa8 CMakeFiles/waterpipe.dir/home/thomas/pico/pico-sdk/src/rp2_common/pico_standard_link/crt0.S.obj
                0x00000000100001e8                _entry_point
                0x0000000010000266                __get_current_exception
 .reset         0x0000000010000290       0x30 CMakeFiles/waterpipe.dir/home/thomas/pico/pico-sdk/src/rp2_common/pico_standard_link/binary_info.c.obj
 *(.init)
 .init          0x00000000100002c0        0x4 /usr/lib/gcc/arm-none-eabi/9.2.1/thumb/v6-m/nofp/crti.o
                0x00000000100002c0                _init
 *(EXCLUDE_FILE(*libm.a: *libc.a:*lib_a-mem*.o *libgcc.a:) .text*)
 .text          0x00000000100002c4       0x98 /usr/lib/gcc/arm-none-eabi/9.2.1/thumb/v6-m/nofp/crtbegin.o
 .text.core1_interrupt_handler
                0x000000001000035c       0x22 CMakeFiles/waterpipe.dir/waterpipe.c.obj
                0x000000001000035c                core1_interrupt_handler
 .text.toggleLed
                0x000000001000037e       0x6a CMakeFiles/waterpipe.dir/waterpipe.c.obj
                0x000000001000037e                toggleLed
 .text.toggleBuzz
                0x00000000100003e8       0x22 CMakeFiles/waterpipe.dir/waterpipe.c.obj
                0x00000000100003e8                toggleBuzz
 *fill*         0x000000001000040a        0x2 
 .text.core1_entry
                0x000000001000040c       0x3c CMakeFiles/waterpipe.dir/waterpipe.c.obj
                0x000000001000040c                core1_entry
 .text.debugTerm
                0x0000000010000448       0x24 CMakeFiles/waterpipe.dir/waterpipe.c.obj
                0x0000000010000448                debugTerm
 .text.main     0x000000001000046c      0x2d4 CMakeFiles/waterpipe.dir/waterpipe.c.obj
                0x000000001000046c                main
 .text.BME280_CHIPID
                0x0000000010000740      0x158 CMakeFiles/waterpipe.dir/bme280.c.obj
                0x0000000010000740                BME280_CHIPID
 .text.BME280_SOFT_RESET
                0x0000000010000898       0xac CMakeFiles/waterpipe.dir/bme280.c.obj
                0x0000000010000898                BME280_SOFT_RESET
 .text.BME280_SET_MODE
                0x0000000010000944       0xa8 CMakeFiles/waterpipe.dir/bme280.c.obj
                0x0000000010000944                BME280_SET_MODE
 .text.BME280_READ_MODE
                0x00000000100009ec       0x60 CMakeFiles/waterpipe.dir/bme280.c.obj
                0x00000000100009ec                BME280_READ_MODE
 .text.BME280_READ_STATUS
                0x0000000010000a4c       0xc0 CMakeFiles/waterpipe.dir/bme280.c.obj
                0x0000000010000a4c                BME280_READ_STATUS
 .text.BME280_PRINT_COMP
                0x0000000010000b0c       0xfc CMakeFiles/waterpipe.dir/bme280.c.obj
                0x0000000010000b0c                BME280_PRINT_COMP
 .text.BME280_READ_COMP
                0x0000000010000c08      0x168 CMakeFiles/waterpipe.dir/bme280.c.obj
                0x0000000010000c08                BME280_READ_COMP
 .text.BME280_SET_STANDBY
                0x0000000010000d70       0x9c CMakeFiles/waterpipe.dir/bme280.c.obj
                0x0000000010000d70                BME280_SET_STANDBY
 .text.BME280_READ_STANDBY
                0x0000000010000e0c       0x5c CMakeFiles/waterpipe.dir/bme280.c.obj
                0x0000000010000e0c                BME280_READ_STANDBY
 .text.BME280_SET_FILTER
                0x0000000010000e68       0xa8 CMakeFiles/waterpipe.dir/bme280.c.obj
                0x0000000010000e68                BME280_SET_FILTER
 .text.BME280_Set_OSRS_t
                0x0000000010000f10       0xa0 CMakeFiles/waterpipe.dir/bme280.c.obj
                0x0000000010000f10                BME280_Set_OSRS_t
 .text.BME280_Set_OSRS_p
                0x0000000010000fb0       0x9c CMakeFiles/waterpipe.dir/bme280.c.obj
                0x0000000010000fb0                BME280_Set_OSRS_p
 .text.BME280_SET_OSRS_H
                0x000000001000104c       0xf8 CMakeFiles/waterpipe.dir/bme280.c.obj
                0x000000001000104c                BME280_SET_OSRS_H
 .text.BME280_Read_OSRS_h
                0x0000000010001144       0x60 CMakeFiles/waterpipe.dir/bme280.c.obj
                0x0000000010001144                BME280_Read_OSRS_h
 .text.BME280_Read_CTRL_MEAS
                0x00000000100011a4       0x60 CMakeFiles/waterpipe.dir/bme280.c.obj
                0x00000000100011a4                BME280_Read_CTRL_MEAS
 .text.BME280_RawData
                0x0000000010001204       0xa8 CMakeFiles/waterpipe.dir/bme280.c.obj
                0x0000000010001204                BME280_RawData
 .text.BME280_CompTemp
                0x00000000100012ac       0x60 CMakeFiles/waterpipe.dir/bme280.c.obj
                0x00000000100012ac                BME280_CompTemp
 .text.BME280_CompPressure
                0x000000001000130c       0xc8 CMakeFiles/waterpipe.dir/bme280.c.obj
                0x000000001000130c                BME280_CompPressure
 .text.BME280_CompHumInt32
                0x00000000100013d4       0x94 CMakeFiles/waterpipe.dir/bme280.c.obj
                0x00000000100013d4                BME280_CompHumInt32
 .text.BME280_MeasurementTime
                0x0000000010001468      0x284 CMakeFiles/waterpipe.dir/bme280.c.obj
                0x0000000010001468                BME280_MeasurementTime
 .text.BME280_DataRead
                0x00000000100016ec       0x74 CMakeFiles/waterpipe.dir/bme280.c.obj
                0x00000000100016ec                BME280_DataRead
 .text.BME280_Init
                0x0000000010001760       0x34 CMakeFiles/waterpipe.dir/bme280.c.obj
                0x0000000010001760                BME280_Init
 .text.BME280_Read_RegValue
                0x0000000010001794       0x14 CMakeFiles/waterpipe.dir/bme280.c.obj
                0x0000000010001794                BME280_Read_RegValue
 .text.BME280_Temp_Reading
                0x00000000100017a8       0x1c CMakeFiles/waterpipe.dir/bme280.c.obj
                0x00000000100017a8                BME280_Temp_Reading
 .text.DS18B20_RESET
                0x00000000100017c4       0x42 CMakeFiles/waterpipe.dir/ds18b20.c.obj
                0x00000000100017c4                DS18B20_RESET
 .text.DS18B20_WRITE_BIT
                0x0000000010001806       0x30 CMakeFiles/waterpipe.dir/ds18b20.c.obj
                0x0000000010001806                DS18B20_WRITE_BIT
 .text.DS18B20_WRITE_BYTE
                0x0000000010001836       0x2a CMakeFiles/waterpipe.dir/ds18b20.c.obj
                0x0000000010001836                DS18B20_WRITE_BYTE
 .text.DS18B20_READ_BIT
                0x0000000010001860       0x36 CMakeFiles/waterpipe.dir/ds18b20.c.obj
                0x0000000010001860                DS18B20_READ_BIT
 .text.DS18B20_READ_BYTE
                0x0000000010001896       0x20 CMakeFiles/waterpipe.dir/ds18b20.c.obj
                0x0000000010001896                DS18B20_READ_BYTE
 *fill*         0x00000000100018b6        0x2 
 .text.DS18B20_REQUEST_TEMP
                0x00000000100018b8       0x30 CMakeFiles/waterpipe.dir/ds18b20.c.obj
                0x00000000100018b8                DS18B20_REQUEST_TEMP
 .text.DS18B20_CRC8_CHECK
                0x00000000100018e8       0x38 CMakeFiles/waterpipe.dir/ds18b20.c.obj
                0x00000000100018e8                DS18B20_CRC8_CHECK
 .text.DS18B20_TEMP_READ
                0x0000000010001920       0xdc CMakeFiles/waterpipe.dir/ds18b20.c.obj
                0x0000000010001920                DS18B20_TEMP_READ
 .text.DS18B20_INIT
                0x00000000100019fc       0x54 CMakeFiles/waterpipe.dir/ds18b20.c.obj
                0x00000000100019fc                DS18B20_INIT
 .text.WATERLEVEL_AdcSet
                0x0000000010001a50       0x60 CMakeFiles/waterpipe.dir/waterlevel.c.obj
                0x0000000010001a50                WATERLEVEL_AdcSet
 .text.WATERLEVEL_DmaSet
                0x0000000010001ab0       0xec CMakeFiles/waterpipe.dir/waterlevel.c.obj
                0x0000000010001ab0                WATERLEVEL_DmaSet
 .text.WATERLEVEL_Run
                0x0000000010001b9c      0x11c CMakeFiles/waterpipe.dir/waterlevel.c.obj
                0x0000000010001b9c                WATERLEVEL_Run
 .text.HC05_SET
                0x0000000010001cb8       0xc0 CMakeFiles/waterpipe.dir/hc05.c.obj
                0x0000000010001cb8                HC05_SET
 .text.HC05_CHECK
                0x0000000010001d78       0xc0 CMakeFiles/waterpipe.dir/hc05.c.obj
                0x0000000010001d78                HC05_CHECK
 .text.HC05_PROG_SETUP
                0x0000000010001e38       0xc4 CMakeFiles/waterpipe.dir/hc05.c.obj
                0x0000000010001e38                HC05_PROG_SETUP
 .text.HC05_PROG_FINISHED
                0x0000000010001efc       0xb4 CMakeFiles/waterpipe.dir/hc05.c.obj
                0x0000000010001efc                HC05_PROG_FINISHED
 .text.HC05_UART_RX_READ_IRQ
                0x0000000010001fb0       0x4c CMakeFiles/waterpipe.dir/hc05.c.obj
                0x0000000010001fb0                HC05_UART_RX_READ_IRQ
 .text.HC05_UART_RX_IRQ
                0x0000000010001ffc       0xac CMakeFiles/waterpipe.dir/hc05.c.obj
                0x0000000010001ffc                HC05_UART_RX_IRQ
 .text.IRQ_SETUP_EN
                0x00000000100020a8       0x3c CMakeFiles/waterpipe.dir/hc05.c.obj
                0x00000000100020a8                IRQ_SETUP_EN
 .text.gpio_set_function
                0x00000000100020e4       0x30 CMakeFiles/waterpipe.dir/home/thomas/pico/pico-sdk/src/rp2_common/hardware_gpio/gpio.c.obj
                0x00000000100020e4                gpio_set_function
 .text.gpio_set_pulls
                0x0000000010002114       0x34 CMakeFiles/waterpipe.dir/home/thomas/pico/pico-sdk/src/rp2_common/hardware_gpio/gpio.c.obj
                0x0000000010002114                gpio_set_pulls
 .text.gpio_set_input_enabled
                0x0000000010002148       0x30 CMakeFiles/waterpipe.dir/home/thomas/pico/pico-sdk/src/rp2_common/hardware_gpio/gpio.c.obj
                0x0000000010002148                gpio_set_input_enabled
 .text.gpio_init
                0x0000000010002178       0x16 CMakeFiles/waterpipe.dir/home/thomas/pico/pico-sdk/src/rp2_common/hardware_gpio/gpio.c.obj
                0x0000000010002178                gpio_init
 *fill*         0x000000001000218e        0x2 
 .text.hw_claim_lock
                0x0000000010002190       0x18 CMakeFiles/waterpipe.dir/home/thomas/pico/pico-sdk/src/rp2_common/hardware_claim/claim.c.obj
                0x0000000010002190                hw_claim_lock
 .text.hw_claim_unlock
                0x00000000100021a8       0x14 CMakeFiles/waterpipe.dir/home/thomas/pico/pico-sdk/src/rp2_common/hardware_claim/claim.c.obj
                0x00000000100021a8                hw_claim_unlock
 .text.hw_claim_or_assert
                0x00000000100021bc       0x32 CMakeFiles/waterpipe.dir/home/thomas/pico/pico-sdk/src/rp2_common/hardware_claim/claim.c.obj
                0x00000000100021bc                hw_claim_or_assert
 .text.hw_claim_unused_from_range
                0x00000000100021ee       0x50 CMakeFiles/waterpipe.dir/home/thomas/pico/pico-sdk/src/rp2_common/hardware_claim/claim.c.obj
                0x00000000100021ee                hw_claim_unused_from_range
 *fill*         0x000000001000223e        0x2 
 .text.running_on_fpga
                0x0000000010002240       0x14 CMakeFiles/waterpipe.dir/home/thomas/pico/pico-sdk/src/rp2_common/pico_platform/platform.c.obj
                0x0000000010002240                running_on_fpga
 .text.spin_locks_reset
                0x0000000010002254       0x20 CMakeFiles/waterpipe.dir/home/thomas/pico/pico-sdk/src/rp2_common/hardware_sync/sync.c.obj
                0x0000000010002254                spin_locks_reset
 .text.next_striped_spin_lock_num
                0x0000000010002274       0x1c CMakeFiles/waterpipe.dir/home/thomas/pico/pico-sdk/src/rp2_common/hardware_sync/sync.c.obj
                0x0000000010002274                next_striped_spin_lock_num
 .text.spin_lock_claim_unused
                0x0000000010002290       0x20 CMakeFiles/waterpipe.dir/home/thomas/pico/pico-sdk/src/rp2_common/hardware_sync/sync.c.obj
                0x0000000010002290                spin_lock_claim_unused
 .text.uart_deinit
                0x00000000100022b0       0x20 CMakeFiles/waterpipe.dir/home/thomas/pico/pico-sdk/src/rp2_common/hardware_uart/uart.c.obj
                0x00000000100022b0                uart_deinit
 .text.uart_set_baudrate
                0x00000000100022d0       0x5c CMakeFiles/waterpipe.dir/home/thomas/pico/pico-sdk/src/rp2_common/hardware_uart/uart.c.obj
                0x00000000100022d0                uart_set_baudrate
 .text.uart_set_translate_crlf
                0x000000001000232c       0x28 CMakeFiles/waterpipe.dir/home/thomas/pico/pico-sdk/src/rp2_common/hardware_uart/uart.c.obj
                0x000000001000232c                uart_set_translate_crlf
 .text.uart_init
                0x0000000010002354       0x80 CMakeFiles/waterpipe.dir/home/thomas/pico/pico-sdk/src/rp2_common/hardware_uart/uart.c.obj
                0x0000000010002354                uart_init
 .text.alarm_pool_post_alloc_init
                0x00000000100023d4       0x40 CMakeFiles/waterpipe.dir/home/thomas/pico/pico-sdk/src/common/pico_time/time.c.obj
 .text.sleep_until_callback
                0x0000000010002414       0x30 CMakeFiles/waterpipe.dir/home/thomas/pico/pico-sdk/src/common/pico_time/time.c.obj
 .text.timer_pool_entry_comparator
                0x0000000010002444       0x7c CMakeFiles/waterpipe.dir/home/thomas/pico/pico-sdk/src/common/pico_time/time.c.obj
                0x0000000010002444                timer_pool_entry_comparator
 .text.ph_add_child_node
                0x00000000100024c0       0xa4 CMakeFiles/waterpipe.dir/home/thomas/pico/pico-sdk/src/common/pico_time/time.c.obj
 .text.ph_merge_nodes
                0x0000000010002564       0x3e CMakeFiles/waterpipe.dir/home/thomas/pico/pico-sdk/src/common/pico_time/time.c.obj
 *fill*         0x00000000100025a2        0x2 
 .text.add_alarm_under_lock
                0x00000000100025a4      0x174 CMakeFiles/waterpipe.dir/home/thomas/pico/pico-sdk/src/common/pico_time/time.c.obj
 .text.alarm_pool_alarm_callback
                0x0000000010002718      0x32c CMakeFiles/waterpipe.dir/home/thomas/pico/pico-sdk/src/common/pico_time/time.c.obj
 .text.alarm_pool_init_default
                0x0000000010002a44       0x38 CMakeFiles/waterpipe.dir/home/thomas/pico/pico-sdk/src/common/pico_time/time.c.obj
                0x0000000010002a44                alarm_pool_init_default
 .text.alarm_pool_get_default
                0x0000000010002a7c       0x2c CMakeFiles/waterpipe.dir/home/thomas/pico/pico-sdk/src/common/pico_time/time.c.obj
                0x0000000010002a7c                alarm_pool_get_default
 .text.alarm_pool_add_alarm_at
                0x0000000010002aa8      0x170 CMakeFiles/waterpipe.dir/home/thomas/pico/pico-sdk/src/common/pico_time/time.c.obj
                0x0000000010002aa8                alarm_pool_add_alarm_at
 .text.alarm_pool_cancel_alarm
                0x0000000010002c18       0xec CMakeFiles/waterpipe.dir/home/thomas/pico/pico-sdk/src/common/pico_time/time.c.obj
                0x0000000010002c18                alarm_pool_cancel_alarm
 .text.sleep_until
                0x0000000010002d04       0xfc CMakeFiles/waterpipe.dir/home/thomas/pico/pico-sdk/src/common/pico_time/time.c.obj
                0x0000000010002d04                sleep_until
 .text.sleep_us
                0x0000000010002e00       0x58 CMakeFiles/waterpipe.dir/home/thomas/pico/pico-sdk/src/common/pico_time/time.c.obj
                0x0000000010002e00                sleep_us
 .text.sleep_ms
                0x0000000010002e58       0x14 CMakeFiles/waterpipe.dir/home/thomas/pico/pico-sdk/src/common/pico_time/time.c.obj
                0x0000000010002e58                sleep_ms
 .text.best_effort_wfe_or_timeout
                0x0000000010002e6c       0x80 CMakeFiles/waterpipe.dir/home/thomas/pico/pico-sdk/src/common/pico_time/time.c.obj
                0x0000000010002e6c                best_effort_wfe_or_timeout
 .text.hardware_alarm_irq_handler
                0x0000000010002eec       0x8c CMakeFiles/waterpipe.dir/home/thomas/pico/pico-sdk/src/rp2_common/hardware_timer/timer.c.obj
 .text.hardware_alarm_claim
                0x0000000010002f78       0x18 CMakeFiles/waterpipe.dir/home/thomas/pico/pico-sdk/src/rp2_common/hardware_timer/timer.c.obj
                0x0000000010002f78                hardware_alarm_claim
 .text.time_us_64
                0x0000000010002f90       0x18 CMakeFiles/waterpipe.dir/home/thomas/pico/pico-sdk/src/rp2_common/hardware_timer/timer.c.obj
                0x0000000010002f90                time_us_64
 .text.busy_wait_until
                0x0000000010002fa8       0x24 CMakeFiles/waterpipe.dir/home/thomas/pico/pico-sdk/src/rp2_common/hardware_timer/timer.c.obj
                0x0000000010002fa8                busy_wait_until
 .text.hardware_alarm_set_callback
                0x0000000010002fcc       0x90 CMakeFiles/waterpipe.dir/home/thomas/pico/pico-sdk/src/rp2_common/hardware_timer/timer.c.obj
                0x0000000010002fcc                hardware_alarm_set_callback
 .text.hardware_alarm_set_target
                0x000000001000305c       0xe8 CMakeFiles/waterpipe.dir/home/thomas/pico/pico-sdk/src/rp2_common/hardware_timer/timer.c.obj
                0x000000001000305c                hardware_alarm_set_target
 .text.hardware_alarm_cancel
                0x0000000010003144       0x40 CMakeFiles/waterpipe.dir/home/thomas/pico/pico-sdk/src/rp2_common/hardware_timer/timer.c.obj
                0x0000000010003144                hardware_alarm_cancel
 .text.lock_init
                0x0000000010003184       0x10 CMakeFiles/waterpipe.dir/home/thomas/pico/pico-sdk/src/common/pico_sync/lock_core.c.obj
                0x0000000010003184                lock_init
 .text.mutex_init_internal
                0x0000000010003194       0x1e CMakeFiles/waterpipe.dir/home/thomas/pico/pico-sdk/src/common/pico_sync/mutex.c.obj
 .text.mutex_init
                0x00000000100031b2        0xa CMakeFiles/waterpipe.dir/home/thomas/pico/pico-sdk/src/common/pico_sync/mutex.c.obj
                0x00000000100031b2                mutex_init
 .text.recursive_mutex_init
                0x00000000100031bc        0xa CMakeFiles/waterpipe.dir/home/thomas/pico/pico-sdk/src/common/pico_sync/mutex.c.obj
                0x00000000100031bc                recursive_mutex_init
 *fill*         0x00000000100031c6        0x2 
 .text.critical_section_init_with_lock_num
                0x00000000100031c8       0x14 CMakeFiles/waterpipe.dir/home/thomas/pico/pico-sdk/src/common/pico_sync/critical_section.c.obj
                0x00000000100031c8                critical_section_init_with_lock_num
 .text.critical_section_init
                0x00000000100031dc       0x14 CMakeFiles/waterpipe.dir/home/thomas/pico/pico-sdk/src/common/pico_sync/critical_section.c.obj
                0x00000000100031dc                critical_section_init
 .text.ph_add_child_node
                0x00000000100031f0       0xa4 CMakeFiles/waterpipe.dir/home/thomas/pico/pico-sdk/src/common/pico_util/pheap.c.obj
 .text.ph_merge_nodes
                0x0000000010003294       0x3e CMakeFiles/waterpipe.dir/home/thomas/pico/pico-sdk/src/common/pico_util/pheap.c.obj
 *fill*         0x00000000100032d2        0x2 
 .text.ph_clear
                0x00000000100032d4       0x70 CMakeFiles/waterpipe.dir/home/thomas/pico/pico-sdk/src/common/pico_util/pheap.c.obj
                0x00000000100032d4                ph_clear
 .text.ph_post_alloc_init
                0x0000000010003344        0xe CMakeFiles/waterpipe.dir/home/thomas/pico/pico-sdk/src/common/pico_util/pheap.c.obj
                0x0000000010003344                ph_post_alloc_init
 *fill*         0x0000000010003352        0x2 
 .text.ph_merge_two_pass
                0x0000000010003354       0xa8 CMakeFiles/waterpipe.dir/home/thomas/pico/pico-sdk/src/common/pico_util/pheap.c.obj
                0x0000000010003354                ph_merge_two_pass
 .text.ph_remove_any_head
                0x00000000100033fc      0x108 CMakeFiles/waterpipe.dir/home/thomas/pico/pico-sdk/src/common/pico_util/pheap.c.obj
 .text.ph_remove_head
                0x0000000010003504       0x14 CMakeFiles/waterpipe.dir/home/thomas/pico/pico-sdk/src/common/pico_util/pheap.c.obj
                0x0000000010003504                ph_remove_head
 .text.ph_remove_and_free_node
                0x0000000010003518       0xf8 CMakeFiles/waterpipe.dir/home/thomas/pico/pico-sdk/src/common/pico_util/pheap.c.obj
                0x0000000010003518                ph_remove_and_free_node
 .text.runtime_init
                0x0000000010003610       0xd8 CMakeFiles/waterpipe.dir/home/thomas/pico/pico-sdk/src/rp2_common/pico_runtime/runtime.c.obj
                0x0000000010003610                runtime_init
 .text._exit    0x00000000100036e8        0x4 CMakeFiles/waterpipe.dir/home/thomas/pico/pico-sdk/src/rp2_common/pico_runtime/runtime.c.obj
                0x00000000100036e8                _exit
 .text._sbrk    0x00000000100036ec       0x38 CMakeFiles/waterpipe.dir/home/thomas/pico/pico-sdk/src/rp2_common/pico_runtime/runtime.c.obj
                0x00000000100036ec                _sbrk
 .text.exit     0x0000000010003724        0x6 CMakeFiles/waterpipe.dir/home/thomas/pico/pico-sdk/src/rp2_common/pico_runtime/runtime.c.obj
                0x0000000010003724                exit
 *fill*         0x000000001000372a        0x2 
 .text.__assert_func
                0x000000001000372c       0x3c CMakeFiles/waterpipe.dir/home/thomas/pico/pico-sdk/src/rp2_common/pico_runtime/runtime.c.obj
                0x000000001000372c                __assert_func
 .text.panic    0x0000000010003768       0x30 CMakeFiles/waterpipe.dir/home/thomas/pico/pico-sdk/src/rp2_common/pico_runtime/runtime.c.obj
                0x0000000010003768                panic
 .text.clock_configure
                0x0000000010003798      0x104 CMakeFiles/waterpipe.dir/home/thomas/pico/pico-sdk/src/rp2_common/hardware_clocks/clocks.c.obj
                0x0000000010003798                clock_configure
 .text.clocks_init
                0x000000001000389c      0x100 CMakeFiles/waterpipe.dir/home/thomas/pico/pico-sdk/src/rp2_common/hardware_clocks/clocks.c.obj
                0x000000001000389c                clocks_init
 .text.clock_get_hz
                0x000000001000399c        0xc CMakeFiles/waterpipe.dir/home/thomas/pico/pico-sdk/src/rp2_common/hardware_clocks/clocks.c.obj
                0x000000001000399c                clock_get_hz
 .text.set_raw_irq_handler_and_unlock
                0x00000000100039a8       0x28 CMakeFiles/waterpipe.dir/home/thomas/pico/pico-sdk/src/rp2_common/hardware_irq/irq.c.obj
 .text.make_branch
                0x00000000100039d0       0x34 CMakeFiles/waterpipe.dir/home/thomas/pico/pico-sdk/src/rp2_common/hardware_irq/irq.c.obj
 .text.insert_branch_and_link
                0x0000000010003a04       0x40 CMakeFiles/waterpipe.dir/home/thomas/pico/pico-sdk/src/rp2_common/hardware_irq/irq.c.obj
 .text.irq_is_enabled
                0x0000000010003a44       0x18 CMakeFiles/waterpipe.dir/home/thomas/pico/pico-sdk/src/rp2_common/hardware_irq/irq.c.obj
                0x0000000010003a44                irq_is_enabled
 .text.irq_set_mask_enabled
                0x0000000010003a5c       0x20 CMakeFiles/waterpipe.dir/home/thomas/pico/pico-sdk/src/rp2_common/hardware_irq/irq.c.obj
                0x0000000010003a5c                irq_set_mask_enabled
 .text.irq_set_enabled
                0x0000000010003a7c        0xe CMakeFiles/waterpipe.dir/home/thomas/pico/pico-sdk/src/rp2_common/hardware_irq/irq.c.obj
                0x0000000010003a7c                irq_set_enabled
 *fill*         0x0000000010003a8a        0x2 
 .text.irq_set_pending
                0x0000000010003a8c       0x10 CMakeFiles/waterpipe.dir/home/thomas/pico/pico-sdk/src/rp2_common/hardware_irq/irq.c.obj
                0x0000000010003a8c                irq_set_pending
 .text.irq_get_vtable_handler
                0x0000000010003a9c       0x10 CMakeFiles/waterpipe.dir/home/thomas/pico/pico-sdk/src/rp2_common/hardware_irq/irq.c.obj
                0x0000000010003a9c                irq_get_vtable_handler
 .text.irq_set_exclusive_handler
                0x0000000010003aac       0x54 CMakeFiles/waterpipe.dir/home/thomas/pico/pico-sdk/src/rp2_common/hardware_irq/irq.c.obj
                0x0000000010003aac                irq_set_exclusive_handler
 .text.irq_remove_handler
                0x0000000010003b00      0x1ac CMakeFiles/waterpipe.dir/home/thomas/pico/pico-sdk/src/rp2_common/hardware_irq/irq.c.obj
                0x0000000010003b00                irq_remove_handler
 .text.irq_set_priority
                0x0000000010003cac       0x28 CMakeFiles/waterpipe.dir/home/thomas/pico/pico-sdk/src/rp2_common/hardware_irq/irq.c.obj
                0x0000000010003cac                irq_set_priority
 .text.irq_add_tail_to_free_list
                0x0000000010003cd4       0xf0 CMakeFiles/waterpipe.dir/home/thomas/pico/pico-sdk/src/rp2_common/hardware_irq/irq.c.obj
                0x0000000010003cd4                irq_add_tail_to_free_list
 .text.irq_init_priorities
                0x0000000010003dc4       0x16 CMakeFiles/waterpipe.dir/home/thomas/pico/pico-sdk/src/rp2_common/hardware_irq/irq.c.obj
                0x0000000010003dc4                irq_init_priorities
 *fill*         0x0000000010003dda        0x2 
 .text.pll_init
                0x0000000010003ddc      0x118 CMakeFiles/waterpipe.dir/home/thomas/pico/pico-sdk/src/rp2_common/hardware_pll/pll.c.obj
                0x0000000010003ddc                pll_init
 .text.watchdog_start_tick
                0x0000000010003ef4       0x10 CMakeFiles/waterpipe.dir/home/thomas/pico/pico-sdk/src/rp2_common/hardware_watchdog/watchdog.c.obj
                0x0000000010003ef4                watchdog_start_tick
 .text.watchdog_update
                0x0000000010003f04       0x14 CMakeFiles/waterpipe.dir/home/thomas/pico/pico-sdk/src/rp2_common/hardware_watchdog/watchdog.c.obj
                0x0000000010003f04                watchdog_update
 .text._watchdog_enable
                0x0000000010003f18       0x70 CMakeFiles/waterpipe.dir/home/thomas/pico/pico-sdk/src/rp2_common/hardware_watchdog/watchdog.c.obj
                0x0000000010003f18                _watchdog_enable
 .text.watchdog_reboot
                0x0000000010003f88       0x48 CMakeFiles/waterpipe.dir/home/thomas/pico/pico-sdk/src/rp2_common/hardware_watchdog/watchdog.c.obj
                0x0000000010003f88                watchdog_reboot
 .text.xosc_init
                0x0000000010003fd0       0x28 CMakeFiles/waterpipe.dir/home/thomas/pico/pico-sdk/src/rp2_common/hardware_xosc/xosc.c.obj
                0x0000000010003fd0                xosc_init
 .text._out_null
                0x0000000010003ff8        0x2 CMakeFiles/waterpipe.dir/home/thomas/pico/pico-sdk/src/rp2_common/pico_printf/printf.c.obj
 .text._out_fct
                0x0000000010003ffa        0xe CMakeFiles/waterpipe.dir/home/thomas/pico/pico-sdk/src/rp2_common/pico_printf/printf.c.obj
 .text._atoi    0x0000000010004008       0x24 CMakeFiles/waterpipe.dir/home/thomas/pico/pico-sdk/src/rp2_common/pico_printf/printf.c.obj
 .text._out_rev
                0x000000001000402c       0xae CMakeFiles/waterpipe.dir/home/thomas/pico/pico-sdk/src/rp2_common/pico_printf/printf.c.obj
 .text._ntoa_format
                0x00000000100040da      0x110 CMakeFiles/waterpipe.dir/home/thomas/pico/pico-sdk/src/rp2_common/pico_printf/printf.c.obj
 .text._ntoa_long
                0x00000000100041ea       0xbc CMakeFiles/waterpipe.dir/home/thomas/pico/pico-sdk/src/rp2_common/pico_printf/printf.c.obj
 .text._ntoa_long_long
                0x00000000100042a6       0xe2 CMakeFiles/waterpipe.dir/home/thomas/pico/pico-sdk/src/rp2_common/pico_printf/printf.c.obj
 .text._etoa    0x0000000010004388      0x40c CMakeFiles/waterpipe.dir/home/thomas/pico/pico-sdk/src/rp2_common/pico_printf/printf.c.obj
 .text._ftoa    0x0000000010004794      0x354 CMakeFiles/waterpipe.dir/home/thomas/pico/pico-sdk/src/rp2_common/pico_printf/printf.c.obj
 .text._vsnprintf
                0x0000000010004ae8      0x628 CMakeFiles/waterpipe.dir/home/thomas/pico/pico-sdk/src/rp2_common/pico_printf/printf.c.obj
 .text.vfctprintf
                0x0000000010005110       0x20 CMakeFiles/waterpipe.dir/home/thomas/pico/pico-sdk/src/rp2_common/pico_printf/printf.c.obj
                0x0000000010005110                vfctprintf
 .text          0x0000000010005130       0x10 CMakeFiles/waterpipe.dir/home/thomas/pico/pico-sdk/src/rp2_common/pico_bit_ops/bit_ops_aeabi.S.obj
 .text.rom_func_lookup
                0x0000000010005140       0x10 CMakeFiles/waterpipe.dir/home/thomas/pico/pico-sdk/src/rp2_common/pico_bootrom/bootrom.c.obj
                0x0000000010005140                rom_func_lookup
 .text.rom_data_lookup
                0x0000000010005150       0x10 CMakeFiles/waterpipe.dir/home/thomas/pico/pico-sdk/src/rp2_common/pico_bootrom/bootrom.c.obj
                0x0000000010005150                rom_data_lookup
 .text.rom_funcs_lookup
                0x0000000010005160       0x36 CMakeFiles/waterpipe.dir/home/thomas/pico/pico-sdk/src/rp2_common/pico_bootrom/bootrom.c.obj
                0x0000000010005160                rom_funcs_lookup
 *fill*         0x0000000010005196        0x2 
 .text.__wrap___aeabi_idiv
                0x0000000010005198       0x50 CMakeFiles/waterpipe.dir/home/thomas/pico/pico-sdk/src/rp2_common/pico_divider/divider.S.obj
                0x0000000010005198                __wrap___aeabi_idivmod
                0x0000000010005198                divmod_s32s32
                0x0000000010005198                div_s32s32
                0x0000000010005198                __wrap___aeabi_idiv
                0x00000000100051a0                divmod_s32s32_unsafe
                0x00000000100051cc                divmod_s32s32_savestate
 .text.__wrap___aeabi_uidiv
                0x00000000100051e8       0x4c CMakeFiles/waterpipe.dir/home/thomas/pico/pico-sdk/src/rp2_common/pico_divider/divider.S.obj
                0x00000000100051e8                __wrap___aeabi_uidiv
                0x00000000100051e8                __wrap___aeabi_uidivmod
                0x00000000100051e8                div_u32u32
                0x00000000100051e8                divmod_u32u32
                0x00000000100051f0                divmod_u32u32_unsafe
                0x0000000010005218                divmod_u32u32_savestate
 .text.__wrap___aeabi_ldiv
                0x0000000010005234      0x430 CMakeFiles/waterpipe.dir/home/thomas/pico/pico-sdk/src/rp2_common/pico_divider/divider.S.obj
                0x0000000010005234                div_s64s64
                0x0000000010005234                divmod_s64s64
                0x0000000010005234                __wrap___aeabi_ldivmod
                0x000000001000526c                div_u64u64
                0x000000001000526c                divmod_u64u64
                0x000000001000526c                __wrap___aeabi_uldivmod
                0x000000001000527c                divmod_u64u64_savestate
                0x00000000100052a4                divmod_s64s64_unsafe
                0x000000001000532c                divmod_u64u64_unsafe
 .text.__wrap___aeabi_darithmetic
                0x0000000010005664       0x80 CMakeFiles/waterpipe.dir/home/thomas/pico/pico-sdk/src/rp2_common/pico_double/double_aeabi.S.obj
                0x0000000010005664                __wrap___aeabi_drsub
                0x000000001000566a                __wrap___aeabi_dsub
                0x000000001000567c                __wrap___aeabi_dadd
                0x000000001000568e                __wrap___aeabi_ddiv
                0x00000000100056ca                __wrap___aeabi_dmul
 .text.__wrap___aeabi_cdcmple
                0x00000000100056e4       0x6c CMakeFiles/waterpipe.dir/home/thomas/pico/pico-sdk/src/rp2_common/pico_double/double_aeabi.S.obj
                0x00000000100056e4                __wrap___aeabi_cdrcmple
                0x00000000100056f4                __wrap___aeabi_cdcmple
                0x00000000100056f4                __wrap___aeabi_cdcmpeq
 .text.__wrap___aeabi_dcmplt
                0x0000000010005750        0xc CMakeFiles/waterpipe.dir/home/thomas/pico/pico-sdk/src/rp2_common/pico_double/double_aeabi.S.obj
                0x0000000010005750                __wrap___aeabi_dcmplt
 .text.__wrap___aeabi_dcmple
                0x000000001000575c       0x10 CMakeFiles/waterpipe.dir/home/thomas/pico/pico-sdk/src/rp2_common/pico_double/double_aeabi.S.obj
                0x000000001000575c                __wrap___aeabi_dcmple
 .text.__wrap___aeabi_dcmpge
                0x000000001000576c       0x10 CMakeFiles/waterpipe.dir/home/thomas/pico/pico-sdk/src/rp2_common/pico_double/double_aeabi.S.obj
                0x000000001000576c                __wrap___aeabi_dcmpge
 .text.__wrap___aeabi_dcmpgt
                0x000000001000577c        0xa CMakeFiles/waterpipe.dir/home/thomas/pico/pico-sdk/src/rp2_common/pico_double/double_aeabi.S.obj
                0x000000001000577c                __wrap___aeabi_dcmpgt
 .text.__wrap___aeabi_dcmpun
                0x0000000010005786       0x1c CMakeFiles/waterpipe.dir/home/thomas/pico/pico-sdk/src/rp2_common/pico_double/double_aeabi.S.obj
                0x0000000010005786                __wrap___aeabi_dcmpun
 *fill*         0x00000000100057a2        0x2 
 .text.__wrap___aeabi_i2d
                0x00000000100057a4       0x38 CMakeFiles/waterpipe.dir/home/thomas/pico/pico-sdk/src/rp2_common/pico_double/double_aeabi.S.obj
                0x00000000100057a4                __wrap___aeabi_ui2d
                0x00000000100057ac                __wrap___aeabi_i2d
 .text.__wrap___aeabi_d2iz
                0x00000000100057dc       0x48 CMakeFiles/waterpipe.dir/home/thomas/pico/pico-sdk/src/rp2_common/pico_double/double_aeabi.S.obj
                0x00000000100057dc                __wrap___aeabi_d2iz
                0x00000000100057dc                double2int_z
 .text.__wrap___aeabi_d2uiz
                0x0000000010005824       0x18 CMakeFiles/waterpipe.dir/home/thomas/pico/pico-sdk/src/rp2_common/pico_double/double_aeabi.S.obj
                0x0000000010005824                double2uint
                0x0000000010005824                __wrap___aeabi_d2uiz
 .text.__wrap___aeabi_d2f
                0x000000001000583c       0x18 CMakeFiles/waterpipe.dir/home/thomas/pico/pico-sdk/src/rp2_common/pico_double/double_aeabi.S.obj
                0x000000001000583c                __wrap___aeabi_d2f
 .text.__aeabi_double_init
                0x0000000010005854       0xb4 CMakeFiles/waterpipe.dir/home/thomas/pico/pico-sdk/src/rp2_common/pico_double/double_init_rom.c.obj
                0x0000000010005854                __aeabi_double_init
 .text.double_table_shim_on_use_helper
                0x0000000010005908       0x34 CMakeFiles/waterpipe.dir/home/thomas/pico/pico-sdk/src/rp2_common/pico_double/double_v1_rom_shim.S.obj
                0x0000000010005908                double_table_shim_on_use_helper
 .text.__wrap___aeabi_dsub
                0x000000001000593c       0x10 CMakeFiles/waterpipe.dir/home/thomas/pico/pico-sdk/src/rp2_common/pico_double/double_v1_rom_shim.S.obj
                0x000000001000593c                drsub_shim
                0x0000000010005942                dsub_shim
 .text.dadd_shim
                0x000000001000594c      0x15c CMakeFiles/waterpipe.dir/home/thomas/pico/pico-sdk/src/rp2_common/pico_double/double_v1_rom_shim.S.obj
                0x000000001000594c                dadd_shim
 .text.dmul_shim
                0x0000000010005aa8      0x15c CMakeFiles/waterpipe.dir/home/thomas/pico/pico-sdk/src/rp2_common/pico_double/double_v1_rom_shim.S.obj
                0x0000000010005aa8                dmul_shim
 .text.ddiv_shim
                0x0000000010005c04      0x1b0 CMakeFiles/waterpipe.dir/home/thomas/pico/pico-sdk/src/rp2_common/pico_double/double_v1_rom_shim.S.obj
                0x0000000010005c04                ddiv_shim
 .text.dcordic_rot_step
                0x0000000010005db4       0x7c CMakeFiles/waterpipe.dir/home/thomas/pico/pico-sdk/src/rp2_common/pico_double/double_v1_rom_shim.S.obj
                0x0000000010005db4                dcordic_rot_step
 .text.double2uint_shim
                0x0000000010005e30        0xe CMakeFiles/waterpipe.dir/home/thomas/pico/pico-sdk/src/rp2_common/pico_double/double_v1_rom_shim.S.obj
                0x0000000010005e30                double2uint_shim
                0x0000000010005e32                double2ufix_shim
 *fill*         0x0000000010005e3e        0x2 
 .text.double2uint64_shim
                0x0000000010005e40       0x6c CMakeFiles/waterpipe.dir/home/thomas/pico/pico-sdk/src/rp2_common/pico_double/double_v1_rom_shim.S.obj
                0x0000000010005e40                double2uint64_shim
                0x0000000010005e42                double2ufix64_shim
                0x0000000010005e5c                d2fix_a
 .text.double2float_shim
                0x0000000010005eac       0x5c CMakeFiles/waterpipe.dir/home/thomas/pico/pico-sdk/src/rp2_common/pico_double/double_v1_rom_shim.S.obj
                0x0000000010005eac                double2float_shim
 .text.dunpacks
                0x0000000010005f08       0x3c CMakeFiles/waterpipe.dir/home/thomas/pico/pico-sdk/src/rp2_common/pico_double/double_v1_rom_shim.S.obj
                0x0000000010005f08                dunpacks
 .text.__aeabi_lmul
                0x0000000010005f44       0x32 CMakeFiles/waterpipe.dir/home/thomas/pico/pico-sdk/src/rp2_common/pico_int64_ops/pico_int64_ops_aeabi.S.obj
                0x0000000010005f44                __wrap___aeabi_lmul
 *fill*         0x0000000010005f76        0x2 
 .text.__wrap___aeabi_farithmetic
                0x0000000010005f78       0x58 CMakeFiles/waterpipe.dir/home/thomas/pico/pico-sdk/src/rp2_common/pico_float/float_aeabi.S.obj
                0x0000000010005f78                __wrap___aeabi_frsub
                0x0000000010005f7e                __wrap___aeabi_fsub
                0x0000000010005f88                __wrap___aeabi_fadd
                0x0000000010005f92                __wrap___aeabi_fdiv
                0x0000000010005fbe                __wrap___aeabi_fmul
 .text.__wrap___aeabi_ui2f
                0x0000000010005fd0        0xa CMakeFiles/waterpipe.dir/home/thomas/pico/pico-sdk/src/rp2_common/pico_float/float_aeabi.S.obj
                0x0000000010005fd0                __wrap___aeabi_ui2f
 *fill*         0x0000000010005fda        0x2 
 .text.__wrap___aeabi_i2f
                0x0000000010005fdc       0x44 CMakeFiles/waterpipe.dir/home/thomas/pico/pico-sdk/src/rp2_common/pico_float/float_aeabi.S.obj
                0x0000000010005fdc                __wrap___aeabi_i2f
 .text.__wrap___aeabi_f2d
                0x0000000010006020       0x14 CMakeFiles/waterpipe.dir/home/thomas/pico/pico-sdk/src/rp2_common/pico_float/float_aeabi.S.obj
                0x0000000010006020                __wrap___aeabi_f2d
 .text.__aeabi_float_init
                0x0000000010006034       0xfc CMakeFiles/waterpipe.dir/home/thomas/pico/pico-sdk/src/rp2_common/pico_float/float_init_rom.c.obj
                0x0000000010006034                __aeabi_float_init
 .text.float_table_shim_on_use_helper
                0x0000000010006130       0x34 CMakeFiles/waterpipe.dir/home/thomas/pico/pico-sdk/src/rp2_common/pico_float/float_v1_rom_shim.S.obj
                0x0000000010006130                float_table_shim_on_use_helper
 .text.float2double_shim
                0x0000000010006164       0x30 CMakeFiles/waterpipe.dir/home/thomas/pico/pico-sdk/src/rp2_common/pico_float/float_v1_rom_shim.S.obj
                0x0000000010006164                float2double_shim
 .text.__wrap_malloc
                0x0000000010006194       0x3c CMakeFiles/waterpipe.dir/home/thomas/pico/pico-sdk/src/rp2_common/pico_malloc/pico_malloc.c.obj
                0x0000000010006194                __wrap_malloc
 .text.__wrap_free
                0x00000000100061d0       0x20 CMakeFiles/waterpipe.dir/home/thomas/pico/pico-sdk/src/rp2_common/pico_malloc/pico_malloc.c.obj
                0x00000000100061d0                __wrap_free
 .text          0x00000000100061f0       0x10 CMakeFiles/waterpipe.dir/home/thomas/pico/pico-sdk/src/rp2_common/pico_mem_ops/mem_ops_aeabi.S.obj
                0x00000000100061f0                __aeabi_mem_init
 .text.memset   0x0000000010006200        0xc CMakeFiles/waterpipe.dir/home/thomas/pico/pico-sdk/src/rp2_common/pico_mem_ops/mem_ops_aeabi.S.obj
                0x0000000010006200                __wrap_memset
 .text.memcpy   0x000000001000620c        0xc CMakeFiles/waterpipe.dir/home/thomas/pico/pico-sdk/src/rp2_common/pico_mem_ops/mem_ops_aeabi.S.obj
                0x000000001000620c                __wrap___aeabi_memcpy
                0x000000001000620c                __wrap_memcpy
 .text.stdio_out_chars_crlf
                0x0000000010006218       0x80 CMakeFiles/waterpipe.dir/home/thomas/pico/pico-sdk/src/rp2_common/pico_stdio/stdio.c.obj
 .text.stdio_stack_buffer_flush
                0x0000000010006298       0x44 CMakeFiles/waterpipe.dir/home/thomas/pico/pico-sdk/src/rp2_common/pico_stdio/stdio.c.obj
 .text.stdio_buffered_printer
                0x00000000100062dc       0x20 CMakeFiles/waterpipe.dir/home/thomas/pico/pico-sdk/src/rp2_common/pico_stdio/stdio.c.obj
 .text.stdout_serialize_begin
                0x00000000100062fc       0x30 CMakeFiles/waterpipe.dir/home/thomas/pico/pico-sdk/src/rp2_common/pico_stdio/stdio.c.obj
                0x00000000100062fc                stdout_serialize_begin
 .text.stdout_serialize_end
                0x000000001000632c       0x10 CMakeFiles/waterpipe.dir/home/thomas/pico/pico-sdk/src/rp2_common/pico_stdio/stdio.c.obj
                0x000000001000632c                stdout_serialize_end
 .text.stdio_put_string
                0x000000001000633c       0x84 CMakeFiles/waterpipe.dir/home/thomas/pico/pico-sdk/src/rp2_common/pico_stdio/stdio.c.obj
 .text.__wrap_putchar
                0x00000000100063c0       0x1a CMakeFiles/waterpipe.dir/home/thomas/pico/pico-sdk/src/rp2_common/pico_stdio/stdio.c.obj
                0x00000000100063c0                __wrap_putchar
 *fill*         0x00000000100063da        0x2 
 .text.stdio_set_driver_enabled
                0x00000000100063dc       0x38 CMakeFiles/waterpipe.dir/home/thomas/pico/pico-sdk/src/rp2_common/pico_stdio/stdio.c.obj
                0x00000000100063dc                stdio_set_driver_enabled
 .text.stdio_flush
                0x0000000010006414       0x20 CMakeFiles/waterpipe.dir/home/thomas/pico/pico-sdk/src/rp2_common/pico_stdio/stdio.c.obj
                0x0000000010006414                stdio_flush
 .text.__wrap_puts
                0x0000000010006434       0x1c CMakeFiles/waterpipe.dir/home/thomas/pico/pico-sdk/src/rp2_common/pico_stdio/stdio.c.obj
                0x0000000010006434                __wrap_puts
 .text.__wrap_vprintf
                0x0000000010006450       0x44 CMakeFiles/waterpipe.dir/home/thomas/pico/pico-sdk/src/rp2_common/pico_stdio/stdio.c.obj
                0x0000000010006450                __wrap_vprintf
 .text.__wrap_printf
                0x0000000010006494       0x18 CMakeFiles/waterpipe.dir/home/thomas/pico/pico-sdk/src/rp2_common/pico_stdio/stdio.c.obj
                0x0000000010006494                __wrap_printf
 .text.stdio_init_all
                0x00000000100064ac        0x8 CMakeFiles/waterpipe.dir/home/thomas/pico/pico-sdk/src/rp2_common/pico_stdio/stdio.c.obj
                0x00000000100064ac                stdio_init_all
 .text.resetd_init
                0x00000000100064b4        0x2 CMakeFiles/waterpipe.dir/home/thomas/pico/pico-sdk/src/rp2_common/pico_stdio_usb/reset_interface.c.obj
 *fill*         0x00000000100064b6        0x2 
 .text.resetd_reset
                0x00000000100064b8        0xc CMakeFiles/waterpipe.dir/home/thomas/pico/pico-sdk/src/rp2_common/pico_stdio_usb/reset_interface.c.obj
 .text.resetd_open
                0x00000000100064c4       0x34 CMakeFiles/waterpipe.dir/home/thomas/pico/pico-sdk/src/rp2_common/pico_stdio_usb/reset_interface.c.obj
 .text.resetd_xfer_cb
                0x00000000100064f8        0x4 CMakeFiles/waterpipe.dir/home/thomas/pico/pico-sdk/src/rp2_common/pico_stdio_usb/reset_interface.c.obj
 .text.resetd_control_xfer_cb
                0x00000000100064fc       0x6c CMakeFiles/waterpipe.dir/home/thomas/pico/pico-sdk/src/rp2_common/pico_stdio_usb/reset_interface.c.obj
 .text.usbd_app_driver_get_cb
                0x0000000010006568        0xc CMakeFiles/waterpipe.dir/home/thomas/pico/pico-sdk/src/rp2_common/pico_stdio_usb/reset_interface.c.obj
                0x0000000010006568                usbd_app_driver_get_cb
 .text.tud_cdc_line_coding_cb
                0x0000000010006574       0x34 CMakeFiles/waterpipe.dir/home/thomas/pico/pico-sdk/src/rp2_common/pico_stdio_usb/reset_interface.c.obj
                0x0000000010006574                tud_cdc_line_coding_cb
 .text.stdio_usb_in_chars
                0x00000000100065a8       0x70 CMakeFiles/waterpipe.dir/home/thomas/pico/pico-sdk/src/rp2_common/pico_stdio_usb/stdio_usb.c.obj
                0x00000000100065a8                stdio_usb_in_chars
 .text.low_priority_worker_irq
                0x0000000010006618       0x20 CMakeFiles/waterpipe.dir/home/thomas/pico/pico-sdk/src/rp2_common/pico_stdio_usb/stdio_usb.c.obj
 .text.stdio_usb_out_chars
                0x0000000010006638       0xd4 CMakeFiles/waterpipe.dir/home/thomas/pico/pico-sdk/src/rp2_common/pico_stdio_usb/stdio_usb.c.obj
 .text.timer_task
                0x000000001000670c       0x10 CMakeFiles/waterpipe.dir/home/thomas/pico/pico-sdk/src/rp2_common/pico_stdio_usb/stdio_usb.c.obj
 .text.stdio_usb_init
                0x000000001000671c       0xb8 CMakeFiles/waterpipe.dir/home/thomas/pico/pico-sdk/src/rp2_common/pico_stdio_usb/stdio_usb.c.obj
                0x000000001000671c                stdio_usb_init
 .text.tud_descriptor_device_cb
                0x00000000100067d4        0x8 CMakeFiles/waterpipe.dir/home/thomas/pico/pico-sdk/src/rp2_common/pico_stdio_usb/stdio_usb_descriptors.c.obj
                0x00000000100067d4                tud_descriptor_device_cb
 .text.tud_descriptor_configuration_cb
                0x00000000100067dc        0x8 CMakeFiles/waterpipe.dir/home/thomas/pico/pico-sdk/src/rp2_common/pico_stdio_usb/stdio_usb_descriptors.c.obj
                0x00000000100067dc                tud_descriptor_configuration_cb
 .text.tud_descriptor_string_cb
                0x00000000100067e4       0x68 CMakeFiles/waterpipe.dir/home/thomas/pico/pico-sdk/src/rp2_common/pico_stdio_usb/stdio_usb_descriptors.c.obj
                0x00000000100067e4                tud_descriptor_string_cb
 .text.hw_endpoint_get_by_addr
                0x000000001000684c       0x18 CMakeFiles/waterpipe.dir/home/thomas/pico/pico-sdk/lib/tinyusb/src/portable/raspberrypi/rp2040/dcd_rp2040.c.obj
 .text.reset_ep0
                0x0000000010006864       0x2c CMakeFiles/waterpipe.dir/home/thomas/pico/pico-sdk/lib/tinyusb/src/portable/raspberrypi/rp2040/dcd_rp2040.c.obj
 .text._hw_endpoint_alloc
                0x0000000010006890       0x80 CMakeFiles/waterpipe.dir/home/thomas/pico/pico-sdk/lib/tinyusb/src/portable/raspberrypi/rp2040/dcd_rp2040.c.obj
 .text._hw_endpoint_init
                0x0000000010006910       0xbc CMakeFiles/waterpipe.dir/home/thomas/pico/pico-sdk/lib/tinyusb/src/portable/raspberrypi/rp2040/dcd_rp2040.c.obj
 .text.hw_endpoint_init
                0x00000000100069cc       0x18 CMakeFiles/waterpipe.dir/home/thomas/pico/pico-sdk/lib/tinyusb/src/portable/raspberrypi/rp2040/dcd_rp2040.c.obj
 .text.hw_handle_buff_status
                0x00000000100069e4       0xb4 CMakeFiles/waterpipe.dir/home/thomas/pico/pico-sdk/lib/tinyusb/src/portable/raspberrypi/rp2040/dcd_rp2040.c.obj
 .text.dcd_rp2040_irq
                0x0000000010006a98       0xa8 CMakeFiles/waterpipe.dir/home/thomas/pico/pico-sdk/lib/tinyusb/src/portable/raspberrypi/rp2040/dcd_rp2040.c.obj
 .text.hw_endpoint_xfer
                0x0000000010006b40       0x18 CMakeFiles/waterpipe.dir/home/thomas/pico/pico-sdk/lib/tinyusb/src/portable/raspberrypi/rp2040/dcd_rp2040.c.obj
 .text.ep0_0len_status
                0x0000000010006b58       0x14 CMakeFiles/waterpipe.dir/home/thomas/pico/pico-sdk/lib/tinyusb/src/portable/raspberrypi/rp2040/dcd_rp2040.c.obj
 .text._hw_endpoint_stall
                0x0000000010006b6c       0x54 CMakeFiles/waterpipe.dir/home/thomas/pico/pico-sdk/lib/tinyusb/src/portable/raspberrypi/rp2040/dcd_rp2040.c.obj
 .text.hw_endpoint_stall
                0x0000000010006bc0        0xc CMakeFiles/waterpipe.dir/home/thomas/pico/pico-sdk/lib/tinyusb/src/portable/raspberrypi/rp2040/dcd_rp2040.c.obj
 .text._hw_endpoint_clear_stall
                0x0000000010006bcc       0x34 CMakeFiles/waterpipe.dir/home/thomas/pico/pico-sdk/lib/tinyusb/src/portable/raspberrypi/rp2040/dcd_rp2040.c.obj
 .text.hw_endpoint_clear_stall
                0x0000000010006c00        0xc CMakeFiles/waterpipe.dir/home/thomas/pico/pico-sdk/lib/tinyusb/src/portable/raspberrypi/rp2040/dcd_rp2040.c.obj
 .text.dcd_int_enable
                0x0000000010006c0c       0x2c CMakeFiles/waterpipe.dir/home/thomas/pico/pico-sdk/lib/tinyusb/src/portable/raspberrypi/rp2040/dcd_rp2040.c.obj
                0x0000000010006c0c                dcd_int_enable
 .text.dcd_set_address
                0x0000000010006c38       0x28 CMakeFiles/waterpipe.dir/home/thomas/pico/pico-sdk/lib/tinyusb/src/portable/raspberrypi/rp2040/dcd_rp2040.c.obj
                0x0000000010006c38                dcd_set_address
 .text.dcd_connect
                0x0000000010006c60       0x30 CMakeFiles/waterpipe.dir/home/thomas/pico/pico-sdk/lib/tinyusb/src/portable/raspberrypi/rp2040/dcd_rp2040.c.obj
                0x0000000010006c60                dcd_connect
 .text.dcd_init
                0x0000000010006c90       0x84 CMakeFiles/waterpipe.dir/home/thomas/pico/pico-sdk/lib/tinyusb/src/portable/raspberrypi/rp2040/dcd_rp2040.c.obj
                0x0000000010006c90                dcd_init
 .text.dcd_edpt0_status_complete
                0x0000000010006d14       0x40 CMakeFiles/waterpipe.dir/home/thomas/pico/pico-sdk/lib/tinyusb/src/portable/raspberrypi/rp2040/dcd_rp2040.c.obj
                0x0000000010006d14                dcd_edpt0_status_complete
 .text.dcd_edpt_open
                0x0000000010006d54       0x40 CMakeFiles/waterpipe.dir/home/thomas/pico/pico-sdk/lib/tinyusb/src/portable/raspberrypi/rp2040/dcd_rp2040.c.obj
                0x0000000010006d54                dcd_edpt_open
 .text.dcd_edpt_xfer
                0x0000000010006d94       0x34 CMakeFiles/waterpipe.dir/home/thomas/pico/pico-sdk/lib/tinyusb/src/portable/raspberrypi/rp2040/dcd_rp2040.c.obj
                0x0000000010006d94                dcd_edpt_xfer
 .text.dcd_edpt_stall
                0x0000000010006dc8       0x28 CMakeFiles/waterpipe.dir/home/thomas/pico/pico-sdk/lib/tinyusb/src/portable/raspberrypi/rp2040/dcd_rp2040.c.obj
                0x0000000010006dc8                dcd_edpt_stall
 .text.dcd_edpt_clear_stall
                0x0000000010006df0       0x2c CMakeFiles/waterpipe.dir/home/thomas/pico/pico-sdk/lib/tinyusb/src/portable/raspberrypi/rp2040/dcd_rp2040.c.obj
                0x0000000010006df0                dcd_edpt_clear_stall
 .text.rp2040_usb_init
                0x0000000010006e1c       0x50 CMakeFiles/waterpipe.dir/home/thomas/pico/pico-sdk/lib/tinyusb/src/portable/raspberrypi/rp2040/rp2040_usb.c.obj
                0x0000000010006e1c                rp2040_usb_init
 .text.hw_endpoint_reset_transfer
                0x0000000010006e6c       0x10 CMakeFiles/waterpipe.dir/home/thomas/pico/pico-sdk/lib/tinyusb/src/portable/raspberrypi/rp2040/rp2040_usb.c.obj
                0x0000000010006e6c                hw_endpoint_reset_transfer
 .text._hw_endpoint_buffer_control_update32
                0x0000000010006e7c       0x58 CMakeFiles/waterpipe.dir/home/thomas/pico/pico-sdk/lib/tinyusb/src/portable/raspberrypi/rp2040/rp2040_usb.c.obj
                0x0000000010006e7c                _hw_endpoint_buffer_control_update32
 .text._hw_endpoint_start_next_buffer
                0x0000000010006ed4       0x50 CMakeFiles/waterpipe.dir/home/thomas/pico/pico-sdk/lib/tinyusb/src/portable/raspberrypi/rp2040/rp2040_usb.c.obj
                0x0000000010006ed4                _hw_endpoint_start_next_buffer
 .text._hw_endpoint_xfer_start
                0x0000000010006f24       0x3e CMakeFiles/waterpipe.dir/home/thomas/pico/pico-sdk/lib/tinyusb/src/portable/raspberrypi/rp2040/rp2040_usb.c.obj
                0x0000000010006f24                _hw_endpoint_xfer_start
 *fill*         0x0000000010006f62        0x2 
 .text._hw_endpoint_xfer_sync
                0x0000000010006f64       0x74 CMakeFiles/waterpipe.dir/home/thomas/pico/pico-sdk/lib/tinyusb/src/portable/raspberrypi/rp2040/rp2040_usb.c.obj
                0x0000000010006f64                _hw_endpoint_xfer_sync
 .text._hw_endpoint_xfer_continue
                0x0000000010006fd8       0x60 CMakeFiles/waterpipe.dir/home/thomas/pico/pico-sdk/lib/tinyusb/src/portable/raspberrypi/rp2040/rp2040_usb.c.obj
                0x0000000010006fd8                _hw_endpoint_xfer_continue
 .text._hw_endpoint_xfer
                0x0000000010007038       0x34 CMakeFiles/waterpipe.dir/home/thomas/pico/pico-sdk/lib/tinyusb/src/portable/raspberrypi/rp2040/rp2040_usb.c.obj
                0x0000000010007038                _hw_endpoint_xfer
 .text.mark_interface_endpoint
                0x000000001000706c       0x2a CMakeFiles/waterpipe.dir/home/thomas/pico/pico-sdk/lib/tinyusb/src/device/usbd.c.obj
 *fill*         0x0000000010007096        0x2 
 .text.usbd_reset
                0x0000000010007098       0x88 CMakeFiles/waterpipe.dir/home/thomas/pico/pico-sdk/lib/tinyusb/src/device/usbd.c.obj
 .text.invoke_class_control
                0x0000000010007120       0x1a CMakeFiles/waterpipe.dir/home/thomas/pico/pico-sdk/lib/tinyusb/src/device/usbd.c.obj
 *fill*         0x000000001000713a        0x2 
 .text.process_set_config
                0x000000001000713c      0x1d0 CMakeFiles/waterpipe.dir/home/thomas/pico/pico-sdk/lib/tinyusb/src/device/usbd.c.obj
 .text.process_get_descriptor
                0x000000001000730c       0xf8 CMakeFiles/waterpipe.dir/home/thomas/pico/pico-sdk/lib/tinyusb/src/device/usbd.c.obj
 .text.tud_mounted
                0x0000000010007404       0x10 CMakeFiles/waterpipe.dir/home/thomas/pico/pico-sdk/lib/tinyusb/src/device/usbd.c.obj
                0x0000000010007404                tud_mounted
 .text.tud_suspended
                0x0000000010007414       0x10 CMakeFiles/waterpipe.dir/home/thomas/pico/pico-sdk/lib/tinyusb/src/device/usbd.c.obj
                0x0000000010007414                tud_suspended
 .text.tud_inited
                0x0000000010007424        0xc CMakeFiles/waterpipe.dir/home/thomas/pico/pico-sdk/lib/tinyusb/src/device/usbd.c.obj
                0x0000000010007424                tud_inited
 .text.tud_init
                0x0000000010007430       0xcc CMakeFiles/waterpipe.dir/home/thomas/pico/pico-sdk/lib/tinyusb/src/device/usbd.c.obj
                0x0000000010007430                tud_init
 .text.dcd_event_handler
                0x00000000100074fc      0x174 CMakeFiles/waterpipe.dir/home/thomas/pico/pico-sdk/lib/tinyusb/src/device/usbd.c.obj
                0x00000000100074fc                dcd_event_handler
 .text.dcd_event_bus_signal
                0x0000000010007670       0x26 CMakeFiles/waterpipe.dir/home/thomas/pico/pico-sdk/lib/tinyusb/src/device/usbd.c.obj
                0x0000000010007670                dcd_event_bus_signal
 .text.dcd_event_bus_reset
                0x0000000010007696       0x2a CMakeFiles/waterpipe.dir/home/thomas/pico/pico-sdk/lib/tinyusb/src/device/usbd.c.obj
                0x0000000010007696                dcd_event_bus_reset
 .text.dcd_event_setup_received
                0x00000000100076c0       0x34 CMakeFiles/waterpipe.dir/home/thomas/pico/pico-sdk/lib/tinyusb/src/device/usbd.c.obj
                0x00000000100076c0                dcd_event_setup_received
 .text.dcd_event_xfer_complete
                0x00000000100076f4       0x44 CMakeFiles/waterpipe.dir/home/thomas/pico/pico-sdk/lib/tinyusb/src/device/usbd.c.obj
                0x00000000100076f4                dcd_event_xfer_complete
 .text.usbd_edpt_open
                0x0000000010007738       0xe0 CMakeFiles/waterpipe.dir/home/thomas/pico/pico-sdk/lib/tinyusb/src/device/usbd.c.obj
                0x0000000010007738                usbd_edpt_open
 .text.usbd_open_edpt_pair
                0x0000000010007818       0x8c CMakeFiles/waterpipe.dir/home/thomas/pico/pico-sdk/lib/tinyusb/src/device/usbd.c.obj
                0x0000000010007818                usbd_open_edpt_pair
 .text.usbd_edpt_claim
                0x00000000100078a4       0x8c CMakeFiles/waterpipe.dir/home/thomas/pico/pico-sdk/lib/tinyusb/src/device/usbd.c.obj
                0x00000000100078a4                usbd_edpt_claim
 .text.usbd_edpt_release
                0x0000000010007930       0x68 CMakeFiles/waterpipe.dir/home/thomas/pico/pico-sdk/lib/tinyusb/src/device/usbd.c.obj
                0x0000000010007930                usbd_edpt_release
 .text.usbd_edpt_xfer
                0x0000000010007998       0x80 CMakeFiles/waterpipe.dir/home/thomas/pico/pico-sdk/lib/tinyusb/src/device/usbd.c.obj
                0x0000000010007998                usbd_edpt_xfer
 .text.usbd_edpt_stall
                0x0000000010007a18       0x2c CMakeFiles/waterpipe.dir/home/thomas/pico/pico-sdk/lib/tinyusb/src/device/usbd.c.obj
                0x0000000010007a18                usbd_edpt_stall
 .text.usbd_edpt_clear_stall
                0x0000000010007a44       0x2c CMakeFiles/waterpipe.dir/home/thomas/pico/pico-sdk/lib/tinyusb/src/device/usbd.c.obj
                0x0000000010007a44                usbd_edpt_clear_stall
 .text.usbd_edpt_stalled
                0x0000000010007a70       0x1c CMakeFiles/waterpipe.dir/home/thomas/pico/pico-sdk/lib/tinyusb/src/device/usbd.c.obj
                0x0000000010007a70                usbd_edpt_stalled
 .text.process_control_request
                0x0000000010007a8c      0x380 CMakeFiles/waterpipe.dir/home/thomas/pico/pico-sdk/lib/tinyusb/src/device/usbd.c.obj
 .text.tud_task
                0x0000000010007e0c      0x204 CMakeFiles/waterpipe.dir/home/thomas/pico/pico-sdk/lib/tinyusb/src/device/usbd.c.obj
                0x0000000010007e0c                tud_task
 .text._data_stage_xact
                0x0000000010008010       0x58 CMakeFiles/waterpipe.dir/home/thomas/pico/pico-sdk/lib/tinyusb/src/device/usbd_control.c.obj
 .text.tud_control_status
                0x0000000010008068       0x38 CMakeFiles/waterpipe.dir/home/thomas/pico/pico-sdk/lib/tinyusb/src/device/usbd_control.c.obj
                0x0000000010008068                tud_control_status
 .text.tud_control_xfer
                0x00000000100080a0       0xa8 CMakeFiles/waterpipe.dir/home/thomas/pico/pico-sdk/lib/tinyusb/src/device/usbd_control.c.obj
                0x00000000100080a0                tud_control_xfer
 .text.usbd_control_reset
                0x0000000010008148       0x14 CMakeFiles/waterpipe.dir/home/thomas/pico/pico-sdk/lib/tinyusb/src/device/usbd_control.c.obj
                0x0000000010008148                usbd_control_reset
 .text.usbd_control_set_complete_callback
                0x000000001000815c        0xc CMakeFiles/waterpipe.dir/home/thomas/pico/pico-sdk/lib/tinyusb/src/device/usbd_control.c.obj
                0x000000001000815c                usbd_control_set_complete_callback
 .text.usbd_control_set_request
                0x0000000010008168       0x1c CMakeFiles/waterpipe.dir/home/thomas/pico/pico-sdk/lib/tinyusb/src/device/usbd_control.c.obj
                0x0000000010008168                usbd_control_set_request
 .text.usbd_control_xfer_cb
                0x0000000010008184       0xfc CMakeFiles/waterpipe.dir/home/thomas/pico/pico-sdk/lib/tinyusb/src/device/usbd_control.c.obj
                0x0000000010008184                usbd_control_xfer_cb
 .text._prep_out_transaction
                0x0000000010008280       0x46 CMakeFiles/waterpipe.dir/home/thomas/pico/pico-sdk/lib/tinyusb/src/class/cdc/cdc_device.c.obj
 *fill*         0x00000000100082c6        0x2 
 .text.tud_cdc_n_connected
                0x00000000100082c8       0x44 CMakeFiles/waterpipe.dir/home/thomas/pico/pico-sdk/lib/tinyusb/src/class/cdc/cdc_device.c.obj
                0x00000000100082c8                tud_cdc_n_connected
 .text.tud_cdc_n_available
                0x000000001000830c       0x18 CMakeFiles/waterpipe.dir/home/thomas/pico/pico-sdk/lib/tinyusb/src/class/cdc/cdc_device.c.obj
                0x000000001000830c                tud_cdc_n_available
 .text.tud_cdc_n_read
                0x0000000010008324       0x28 CMakeFiles/waterpipe.dir/home/thomas/pico/pico-sdk/lib/tinyusb/src/class/cdc/cdc_device.c.obj
                0x0000000010008324                tud_cdc_n_read
 .text.tud_cdc_n_write_flush
                0x000000001000834c       0xcc CMakeFiles/waterpipe.dir/home/thomas/pico/pico-sdk/lib/tinyusb/src/class/cdc/cdc_device.c.obj
                0x000000001000834c                tud_cdc_n_write_flush
 .text.tud_cdc_n_write
                0x0000000010008418       0x38 CMakeFiles/waterpipe.dir/home/thomas/pico/pico-sdk/lib/tinyusb/src/class/cdc/cdc_device.c.obj
                0x0000000010008418                tud_cdc_n_write
 .text.tud_cdc_n_write_available
                0x0000000010008450       0x1c CMakeFiles/waterpipe.dir/home/thomas/pico/pico-sdk/lib/tinyusb/src/class/cdc/cdc_device.c.obj
                0x0000000010008450                tud_cdc_n_write_available
 .text.cdcd_init
                0x000000001000846c       0xbc CMakeFiles/waterpipe.dir/home/thomas/pico/pico-sdk/lib/tinyusb/src/class/cdc/cdc_device.c.obj
                0x000000001000846c                cdcd_init
 .text.cdcd_reset
                0x0000000010008528       0x44 CMakeFiles/waterpipe.dir/home/thomas/pico/pico-sdk/lib/tinyusb/src/class/cdc/cdc_device.c.obj
                0x0000000010008528                cdcd_reset
 .text.cdcd_open
                0x000000001000856c      0x10c CMakeFiles/waterpipe.dir/home/thomas/pico/pico-sdk/lib/tinyusb/src/class/cdc/cdc_device.c.obj
                0x000000001000856c                cdcd_open
 .text.cdcd_control_xfer_cb
                0x0000000010008678      0x134 CMakeFiles/waterpipe.dir/home/thomas/pico/pico-sdk/lib/tinyusb/src/class/cdc/cdc_device.c.obj
                0x0000000010008678                cdcd_control_xfer_cb
 .text.cdcd_xfer_cb
                0x00000000100087ac      0x144 CMakeFiles/waterpipe.dir/home/thomas/pico/pico-sdk/lib/tinyusb/src/class/cdc/cdc_device.c.obj
                0x00000000100087ac                cdcd_xfer_cb
 .text.tusb_init
                0x00000000100088f0       0x24 CMakeFiles/waterpipe.dir/home/thomas/pico/pico-sdk/lib/tinyusb/src/tusb.c.obj
                0x00000000100088f0                tusb_init
 .text.tusb_inited
                0x0000000010008914        0xe CMakeFiles/waterpipe.dir/home/thomas/pico/pico-sdk/lib/tinyusb/src/tusb.c.obj
                0x0000000010008914                tusb_inited
 .text.advance_pointer
                0x0000000010008922       0x1e CMakeFiles/waterpipe.dir/home/thomas/pico/pico-sdk/lib/tinyusb/src/common/tusb_fifo.c.obj
 .text.backward_pointer
                0x0000000010008940       0x1a CMakeFiles/waterpipe.dir/home/thomas/pico/pico-sdk/lib/tinyusb/src/common/tusb_fifo.c.obj
 .text.get_relative_pointer
                0x000000001000895a       0x10 CMakeFiles/waterpipe.dir/home/thomas/pico/pico-sdk/lib/tinyusb/src/common/tusb_fifo.c.obj
 .text._tu_fifo_peek
                0x000000001000896a       0x50 CMakeFiles/waterpipe.dir/home/thomas/pico/pico-sdk/lib/tinyusb/src/common/tusb_fifo.c.obj
 .text._ff_pull_const_addr
                0x00000000100089ba       0x4c CMakeFiles/waterpipe.dir/home/thomas/pico/pico-sdk/lib/tinyusb/src/common/tusb_fifo.c.obj
 .text._ff_pull_n
                0x0000000010008a06      0x10c CMakeFiles/waterpipe.dir/home/thomas/pico/pico-sdk/lib/tinyusb/src/common/tusb_fifo.c.obj
 .text._tu_fifo_peek_n
                0x0000000010008b12       0x5e CMakeFiles/waterpipe.dir/home/thomas/pico/pico-sdk/lib/tinyusb/src/common/tusb_fifo.c.obj
 .text._tu_fifo_read_n
                0x0000000010008b70       0x4e CMakeFiles/waterpipe.dir/home/thomas/pico/pico-sdk/lib/tinyusb/src/common/tusb_fifo.c.obj
 .text._ff_push_const_addr
                0x0000000010008bbe       0x40 CMakeFiles/waterpipe.dir/home/thomas/pico/pico-sdk/lib/tinyusb/src/common/tusb_fifo.c.obj
 .text._ff_push_n
                0x0000000010008bfe      0x106 CMakeFiles/waterpipe.dir/home/thomas/pico/pico-sdk/lib/tinyusb/src/common/tusb_fifo.c.obj
 .text._tu_fifo_write_n
                0x0000000010008d04       0x9e CMakeFiles/waterpipe.dir/home/thomas/pico/pico-sdk/lib/tinyusb/src/common/tusb_fifo.c.obj
 .text.tu_fifo_config
                0x0000000010008da2       0x72 CMakeFiles/waterpipe.dir/home/thomas/pico/pico-sdk/lib/tinyusb/src/common/tusb_fifo.c.obj
                0x0000000010008da2                tu_fifo_config
 .text.tu_fifo_count
                0x0000000010008e14       0x26 CMakeFiles/waterpipe.dir/home/thomas/pico/pico-sdk/lib/tinyusb/src/common/tusb_fifo.c.obj
                0x0000000010008e14                tu_fifo_count
 .text.tu_fifo_empty
                0x0000000010008e3a        0xe CMakeFiles/waterpipe.dir/home/thomas/pico/pico-sdk/lib/tinyusb/src/common/tusb_fifo.c.obj
                0x0000000010008e3a                tu_fifo_empty
 .text.tu_fifo_remaining
                0x0000000010008e48       0x20 CMakeFiles/waterpipe.dir/home/thomas/pico/pico-sdk/lib/tinyusb/src/common/tusb_fifo.c.obj
                0x0000000010008e48                tu_fifo_remaining
 .text.tu_fifo_read
                0x0000000010008e68       0x42 CMakeFiles/waterpipe.dir/home/thomas/pico/pico-sdk/lib/tinyusb/src/common/tusb_fifo.c.obj
                0x0000000010008e68                tu_fifo_read
 .text.tu_fifo_read_n
                0x0000000010008eaa        0xa CMakeFiles/waterpipe.dir/home/thomas/pico/pico-sdk/lib/tinyusb/src/common/tusb_fifo.c.obj
                0x0000000010008eaa                tu_fifo_read_n
 .text.tu_fifo_write
                0x0000000010008eb4       0x6c CMakeFiles/waterpipe.dir/home/thomas/pico/pico-sdk/lib/tinyusb/src/common/tusb_fifo.c.obj
                0x0000000010008eb4                tu_fifo_write
 .text.tu_fifo_write_n
                0x0000000010008f20        0xa CMakeFiles/waterpipe.dir/home/thomas/pico/pico-sdk/lib/tinyusb/src/common/tusb_fifo.c.obj
                0x0000000010008f20                tu_fifo_write_n
 .text.tu_fifo_clear
                0x0000000010008f2a       0x4c CMakeFiles/waterpipe.dir/home/thomas/pico/pico-sdk/lib/tinyusb/src/common/tusb_fifo.c.obj
                0x0000000010008f2a                tu_fifo_clear
 .text.tu_fifo_set_overwritable
                0x0000000010008f76       0x3c CMakeFiles/waterpipe.dir/home/thomas/pico/pico-sdk/lib/tinyusb/src/common/tusb_fifo.c.obj
                0x0000000010008f76                tu_fifo_set_overwritable
 *fill*         0x0000000010008fb2        0x2 
 .text._retrieve_unique_id_on_boot
                0x0000000010008fb4       0x10 CMakeFiles/waterpipe.dir/home/thomas/pico/pico-sdk/src/rp2_common/pico_unique_id/unique_id.c.obj
 .text.pico_get_unique_board_id_string
                0x0000000010008fc4       0x60 CMakeFiles/waterpipe.dir/home/thomas/pico/pico-sdk/src/rp2_common/pico_unique_id/unique_id.c.obj
                0x0000000010008fc4                pico_get_unique_board_id_string
 .text.flash_get_unique_id
                0x0000000010009024       0x46 CMakeFiles/waterpipe.dir/home/thomas/pico/pico-sdk/src/rp2_common/hardware_flash/flash.c.obj
                0x0000000010009024                flash_get_unique_id
 .text.i2c_write_blocking_internal
                0x000000001000906a      0x13c CMakeFiles/waterpipe.dir/home/thomas/pico/pico-sdk/src/rp2_common/hardware_i2c/i2c.c.obj
 .text.i2c_read_blocking_internal
                0x00000000100091a6       0xe0 CMakeFiles/waterpipe.dir/home/thomas/pico/pico-sdk/src/rp2_common/hardware_i2c/i2c.c.obj
 *fill*         0x0000000010009286        0x2 
 .text.i2c_set_baudrate
                0x0000000010009288       0xf0 CMakeFiles/waterpipe.dir/home/thomas/pico/pico-sdk/src/rp2_common/hardware_i2c/i2c.c.obj
                0x0000000010009288                i2c_set_baudrate
 .text.i2c_init
                0x0000000010009378       0x58 CMakeFiles/waterpipe.dir/home/thomas/pico/pico-sdk/src/rp2_common/hardware_i2c/i2c.c.obj
                0x0000000010009378                i2c_init
 .text.i2c_write_blocking
                0x00000000100093d0       0x18 CMakeFiles/waterpipe.dir/home/thomas/pico/pico-sdk/src/rp2_common/hardware_i2c/i2c.c.obj
                0x00000000100093d0                i2c_write_blocking
 .text.i2c_read_blocking
                0x00000000100093e8       0x18 CMakeFiles/waterpipe.dir/home/thomas/pico/pico-sdk/src/rp2_common/hardware_i2c/i2c.c.obj
                0x00000000100093e8                i2c_read_blocking
 .text.adc_init
                0x0000000010009400       0x34 CMakeFiles/waterpipe.dir/home/thomas/pico/pico-sdk/src/rp2_common/hardware_adc/adc.c.obj
                0x0000000010009400                adc_init
 .text.dma_claim_unused_channel
                0x0000000010009434       0x20 CMakeFiles/waterpipe.dir/home/thomas/pico/pico-sdk/src/rp2_common/hardware_dma/dma.c.obj
                0x0000000010009434                dma_claim_unused_channel
 .text.core1_trampoline
                0x0000000010009454        0x2 CMakeFiles/waterpipe.dir/home/thomas/pico/pico-sdk/src/rp2_common/pico_multicore/multicore.c.obj
 .text.core1_wrapper
                0x0000000010009456        0xc CMakeFiles/waterpipe.dir/home/thomas/pico/pico-sdk/src/rp2_common/pico_multicore/multicore.c.obj
                0x0000000010009456                core1_wrapper
 .text.multicore_fifo_push_blocking
                0x0000000010009462       0x14 CMakeFiles/waterpipe.dir/home/thomas/pico/pico-sdk/src/rp2_common/pico_multicore/multicore.c.obj
                0x0000000010009462                multicore_fifo_push_blocking
 .text.multicore_fifo_pop_blocking
                0x0000000010009476       0x16 CMakeFiles/waterpipe.dir/home/thomas/pico/pico-sdk/src/rp2_common/pico_multicore/multicore.c.obj
                0x0000000010009476                multicore_fifo_pop_blocking
 .text.multicore_launch_core1_raw
                0x000000001000948c       0x6a CMakeFiles/waterpipe.dir/home/thomas/pico/pico-sdk/src/rp2_common/pico_multicore/multicore.c.obj
                0x000000001000948c                multicore_launch_core1_raw
 *fill*         0x00000000100094f6        0x2 
 .text.multicore_launch_core1_with_stack
                0x00000000100094f8       0x50 CMakeFiles/waterpipe.dir/home/thomas/pico/pico-sdk/src/rp2_common/pico_multicore/multicore.c.obj
                0x00000000100094f8                multicore_launch_core1_with_stack
 .text.multicore_launch_core1
                0x0000000010009548       0x24 CMakeFiles/waterpipe.dir/home/thomas/pico/pico-sdk/src/rp2_common/pico_multicore/multicore.c.obj
                0x0000000010009548                multicore_launch_core1
 .text          0x000000001000956c       0x28 /usr/lib/gcc/arm-none-eabi/9.2.1/../../../arm-none-eabi/lib/thumb/v6-m/nofp/libg.a(lib_a-malloc.o)
                0x000000001000956c                malloc
                0x0000000010009580                free
 .text          0x0000000010009594      0x58c /usr/lib/gcc/arm-none-eabi/9.2.1/../../../arm-none-eabi/lib/thumb/v6-m/nofp/libg.a(lib_a-mallocr.o)
                0x0000000010009594                _malloc_r
 .text          0x0000000010009b20        0x8 /usr/lib/gcc/arm-none-eabi/9.2.1/../../../arm-none-eabi/lib/thumb/v6-m/nofp/libg.a(lib_a-mlock.o)
                0x0000000010009b20                __malloc_lock
                0x0000000010009b24                __malloc_unlock
 .text          0x0000000010009b28       0x24 /usr/lib/gcc/arm-none-eabi/9.2.1/../../../arm-none-eabi/lib/thumb/v6-m/nofp/libg.a(lib_a-sbrkr.o)
                0x0000000010009b28                _sbrk_r
 .text          0x0000000010009b4c       0x68 /usr/lib/gcc/arm-none-eabi/9.2.1/../../../arm-none-eabi/lib/thumb/v6-m/nofp/libg.a(lib_a-strlen-stub.o)
                0x0000000010009b4c                strlen
 .text          0x0000000010009bb4      0x27c /usr/lib/gcc/arm-none-eabi/9.2.1/../../../arm-none-eabi/lib/thumb/v6-m/nofp/libg.a(lib_a-freer.o)
                0x0000000010009bb4                _malloc_trim_r
                0x0000000010009c54                _free_r
 *(.fini)
 .fini          0x0000000010009e30        0x4 /usr/lib/gcc/arm-none-eabi/9.2.1/thumb/v6-m/nofp/crti.o
                0x0000000010009e30                _fini
 *fill*         0x0000000010009e34        0x4 
 .fini.__stub   0x0000000010009e38       0x70 linker stubs
 *crtbegin.o(.ctors)
 *crtbegin?.o(.ctors)
 *(EXCLUDE_FILE(*crtend.o *crtend?.o) .ctors)
 *(SORT_BY_NAME(.ctors.*))
 *(.ctors)
 *crtbegin.o(.dtors)
 *crtbegin?.o(.dtors)
 *(EXCLUDE_FILE(*crtend.o *crtend?.o) .dtors)
 *(SORT_BY_NAME(.dtors.*))
 *(.dtors)
 *(.eh_frame*)
 .eh_frame      0x0000000010009ea8        0x0 /usr/lib/gcc/arm-none-eabi/9.2.1/thumb/v6-m/nofp/crtbegin.o
                0x0000000010009ea8                . = ALIGN (0x4)

.glue_7         0x0000000010009ea8        0x0
 .glue_7        0x0000000010009ea8        0x0 linker stubs

.glue_7t        0x0000000010009ea8        0x0
 .glue_7t       0x0000000010009ea8        0x0 linker stubs

.vfp11_veneer   0x0000000010009ea8        0x0
 .vfp11_veneer  0x0000000010009ea8        0x0 linker stubs

.v4_bx          0x0000000010009ea8        0x0
 .v4_bx         0x0000000010009ea8        0x0 linker stubs

.iplt           0x0000000010009ea8        0x0
 .iplt          0x0000000010009ea8        0x0 /usr/lib/gcc/arm-none-eabi/9.2.1/thumb/v6-m/nofp/crtbegin.o

.rodata         0x0000000010009ea8     0x2e7c
 *(EXCLUDE_FILE(*libm.a: *libc.a:*lib_a-mem*.o *libgcc.a:) .rodata*)
 .rodata.debugTerm.str1.4
                0x0000000010009ea8       0xdd CMakeFiles/waterpipe.dir/waterpipe.c.obj
 *fill*         0x0000000010009f85        0x3 
 .rodata.main.str1.4
                0x0000000010009f88      0x2da CMakeFiles/waterpipe.dir/waterpipe.c.obj
                                        0x322 (size before relaxing)
 *fill*         0x000000001000a262        0x2 
 .rodata.__bi_105.7939
                0x000000001000a264        0x8 CMakeFiles/waterpipe.dir/waterpipe.c.obj
 .rodata.BME280_CHIPID.str1.4
                0x000000001000a26c      0x295 CMakeFiles/waterpipe.dir/bme280.c.obj
 *fill*         0x000000001000a501        0x3 
 .rodata.BME280_SOFT_RESET.str1.4
                0x000000001000a504       0xdc CMakeFiles/waterpipe.dir/bme280.c.obj
 .rodata.BME280_SET_MODE.str1.4
                0x000000001000a5e0       0xba CMakeFiles/waterpipe.dir/bme280.c.obj
 *fill*         0x000000001000a69a        0x2 
 .rodata.BME280_READ_MODE.str1.4
                0x000000001000a69c       0x47 CMakeFiles/waterpipe.dir/bme280.c.obj
 *fill*         0x000000001000a6e3        0x1 
 .rodata.BME280_READ_STATUS.str1.4
                0x000000001000a6e4      0x152 CMakeFiles/waterpipe.dir/bme280.c.obj
 *fill*         0x000000001000a836        0x2 
 .rodata.BME280_PRINT_COMP.str1.4
                0x000000001000a838      0x1ad CMakeFiles/waterpipe.dir/bme280.c.obj
 *fill*         0x000000001000a9e5        0x3 
 .rodata.BME280_READ_COMP.str1.4
                0x000000001000a9e8       0x4a CMakeFiles/waterpipe.dir/bme280.c.obj
 *fill*         0x000000001000aa32        0x2 
 .rodata.BME280_SET_STANDBY.str1.4
                0x000000001000aa34       0xc6 CMakeFiles/waterpipe.dir/bme280.c.obj
 *fill*         0x000000001000aafa        0x2 
 .rodata.BME280_SET_FILTER.str1.4
                0x000000001000aafc       0x9e CMakeFiles/waterpipe.dir/bme280.c.obj
 *fill*         0x000000001000ab9a        0x2 
 .rodata.BME280_Set_OSRS_t.str1.4
                0x000000001000ab9c       0xc1 CMakeFiles/waterpipe.dir/bme280.c.obj
 *fill*         0x000000001000ac5d        0x3 
 .rodata.BME280_Set_OSRS_p.str1.4
                0x000000001000ac60       0xc1 CMakeFiles/waterpipe.dir/bme280.c.obj
 *fill*         0x000000001000ad21        0x3 
 .rodata.BME280_SET_OSRS_H.str1.4
                0x000000001000ad24      0x126 CMakeFiles/waterpipe.dir/bme280.c.obj
 *fill*         0x000000001000ae4a        0x2 
 .rodata.BME280_Read_OSRS_h.str1.4
                0x000000001000ae4c       0x48 CMakeFiles/waterpipe.dir/bme280.c.obj
 .rodata.BME280_Read_CTRL_MEAS.str1.4
                0x000000001000ae94       0x48 CMakeFiles/waterpipe.dir/bme280.c.obj
 .rodata.BME280_RawData.str1.4
                0x000000001000aedc       0x8a CMakeFiles/waterpipe.dir/bme280.c.obj
 *fill*         0x000000001000af66        0x2 
 .rodata.BME280_MeasurementTime.str1.4
                0x000000001000af68       0xc7 CMakeFiles/waterpipe.dir/bme280.c.obj
 *fill*         0x000000001000b02f        0x1 
 .rodata.BME280_MeasurementTime
                0x000000001000b030       0xb0 CMakeFiles/waterpipe.dir/bme280.c.obj
 .rodata.BME280_DataRead.str1.4
                0x000000001000b0e0       0x9d CMakeFiles/waterpipe.dir/bme280.c.obj
 *fill*         0x000000001000b17d        0x3 
 .rodata.__FUNCTION__.6865
                0x000000001000b180        0xe CMakeFiles/waterpipe.dir/bme280.c.obj
 *fill*         0x000000001000b18e        0x2 
 .rodata.__FUNCTION__.6871
                0x000000001000b190       0x12 CMakeFiles/waterpipe.dir/bme280.c.obj
 *fill*         0x000000001000b1a2        0x2 
 .rodata.DS18B20_TEMP_READ.str1.4
                0x000000001000b1a4       0xd0 CMakeFiles/waterpipe.dir/ds18b20.c.obj
 .rodata.DS18B20_INIT.str1.4
                0x000000001000b274       0x17 CMakeFiles/waterpipe.dir/ds18b20.c.obj
 *fill*         0x000000001000b28b        0x1 
 .rodata.WATERLEVEL_DmaSet.str1.4
                0x000000001000b28c       0xfe CMakeFiles/waterpipe.dir/waterlevel.c.obj
 *fill*         0x000000001000b38a        0x2 
 .rodata.WATERLEVEL_Run.str1.4
                0x000000001000b38c       0xa1 CMakeFiles/waterpipe.dir/waterlevel.c.obj
 *fill*         0x000000001000b42d        0x3 
 .rodata.__func__.7311
                0x000000001000b430       0x1c CMakeFiles/waterpipe.dir/waterlevel.c.obj
 .rodata.HC05_SET.str1.4
                0x000000001000b44c       0x11 CMakeFiles/waterpipe.dir/hc05.c.obj
 *fill*         0x000000001000b45d        0x3 
 .rodata.HC05_CHECK.str1.4
                0x000000001000b460       0x13 CMakeFiles/waterpipe.dir/hc05.c.obj
 *fill*         0x000000001000b473        0x1 
 .rodata.HC05_PROG_SETUP.str1.4
                0x000000001000b474       0xed CMakeFiles/waterpipe.dir/hc05.c.obj
 *fill*         0x000000001000b561        0x3 
 .rodata.HC05_PROG_FINISHED.str1.4
                0x000000001000b564       0x47 CMakeFiles/waterpipe.dir/hc05.c.obj
 *fill*         0x000000001000b5ab        0x1 
 .rodata.spin_lock_claim_unused.str1.4
                0x000000001000b5ac       0x1b CMakeFiles/waterpipe.dir/home/thomas/pico/pico-sdk/src/rp2_common/hardware_sync/sync.c.obj
 *fill*         0x000000001000b5c7        0x1 
 .rodata.repeating_timer_callback.str1.4
                0x000000001000b5c8       0x4b CMakeFiles/waterpipe.dir/home/thomas/pico/pico-sdk/src/common/pico_time/time.c.obj
 *fill*         0x000000001000b613        0x1 
 .rodata.alarm_pool_dump_key.str1.4
                0x000000001000b614       0x33 CMakeFiles/waterpipe.dir/home/thomas/pico/pico-sdk/src/common/pico_time/time.c.obj
 *fill*         0x000000001000b647        0x1 
 .rodata.ph_add_child_node.str1.4
                0x000000001000b648       0x96 CMakeFiles/waterpipe.dir/home/thomas/pico/pico-sdk/src/common/pico_time/time.c.obj
 *fill*         0x000000001000b6de        0x2 
 .rodata.add_alarm_under_lock.str1.4
                0x000000001000b6e0       0x28 CMakeFiles/waterpipe.dir/home/thomas/pico/pico-sdk/src/common/pico_time/time.c.obj
                                         0x2b (size before relaxing)
 .rodata.alarm_pool_alarm_callback.str1.4
                0x000000001000b708       0xe6 CMakeFiles/waterpipe.dir/home/thomas/pico/pico-sdk/src/common/pico_time/time.c.obj
 *fill*         0x000000001000b7ee        0x2 
 .rodata.alarm_pool_get_default.str1.4
                0x000000001000b7f0       0x21 CMakeFiles/waterpipe.dir/home/thomas/pico/pico-sdk/src/common/pico_time/time.c.obj
 *fill*         0x000000001000b811        0x3 
 .rodata.alarm_pool_cancel_alarm.str1.4
                0x000000001000b814       0x27 CMakeFiles/waterpipe.dir/home/thomas/pico/pico-sdk/src/common/pico_time/time.c.obj
 *fill*         0x000000001000b83b        0x1 
 .rodata.sleep_until.str1.4
                0x000000001000b83c       0x4d CMakeFiles/waterpipe.dir/home/thomas/pico/pico-sdk/src/common/pico_time/time.c.obj
 *fill*         0x000000001000b889        0x3 
 .rodata.__func__.5701
                0x000000001000b88c       0x15 CMakeFiles/waterpipe.dir/home/thomas/pico/pico-sdk/src/common/pico_time/time.c.obj
 *fill*         0x000000001000b8a1        0x3 
 .rodata.__func__.6002
                0x000000001000b8a4        0xc CMakeFiles/waterpipe.dir/home/thomas/pico/pico-sdk/src/common/pico_time/time.c.obj
 .rodata.__func__.6009
                0x000000001000b8b0       0x12 CMakeFiles/waterpipe.dir/home/thomas/pico/pico-sdk/src/common/pico_time/time.c.obj
 *fill*         0x000000001000b8c2        0x2 
 .rodata.__func__.6025
                0x000000001000b8c4        0xf CMakeFiles/waterpipe.dir/home/thomas/pico/pico-sdk/src/common/pico_time/time.c.obj
 *fill*         0x000000001000b8d3        0x1 
 .rodata.__func__.6047
                0x000000001000b8d4        0xd CMakeFiles/waterpipe.dir/home/thomas/pico/pico-sdk/src/common/pico_time/time.c.obj
 *fill*         0x000000001000b8e1        0x3 
 .rodata.__func__.6248
                0x000000001000b8e4        0xa CMakeFiles/waterpipe.dir/home/thomas/pico/pico-sdk/src/common/pico_time/time.c.obj
 *fill*         0x000000001000b8ee        0x2 
 .rodata.__func__.6253
                0x000000001000b8f0       0x12 CMakeFiles/waterpipe.dir/home/thomas/pico/pico-sdk/src/common/pico_time/time.c.obj
 *fill*         0x000000001000b902        0x2 
 .rodata.__func__.6268
                0x000000001000b904       0x17 CMakeFiles/waterpipe.dir/home/thomas/pico/pico-sdk/src/common/pico_time/time.c.obj
 *fill*         0x000000001000b91b        0x1 
 .rodata.__func__.6279
                0x000000001000b91c       0x15 CMakeFiles/waterpipe.dir/home/thomas/pico/pico-sdk/src/common/pico_time/time.c.obj
 *fill*         0x000000001000b931        0x3 
 .rodata.__func__.6296
                0x000000001000b934       0x1a CMakeFiles/waterpipe.dir/home/thomas/pico/pico-sdk/src/common/pico_time/time.c.obj
 *fill*         0x000000001000b94e        0x2 
 .rodata.__func__.6335
                0x000000001000b950       0x18 CMakeFiles/waterpipe.dir/home/thomas/pico/pico-sdk/src/common/pico_time/time.c.obj
 .rodata.hardware_alarm_claim.str1.4
                0x000000001000b968       0x22 CMakeFiles/waterpipe.dir/home/thomas/pico/pico-sdk/src/rp2_common/hardware_timer/timer.c.obj
 *fill*         0x000000001000b98a        0x2 
 .rodata.hardware_alarm_set_target.str1.4
                0x000000001000b98c       0x65 CMakeFiles/waterpipe.dir/home/thomas/pico/pico-sdk/src/rp2_common/hardware_timer/timer.c.obj
 *fill*         0x000000001000b9f1        0x3 
 .rodata.__func__.4548
                0x000000001000b9f4       0x1a CMakeFiles/waterpipe.dir/home/thomas/pico/pico-sdk/src/rp2_common/hardware_timer/timer.c.obj
 *fill*         0x000000001000ba0e        0x2 
 .rodata.str1.4
                0x000000001000ba10       0xb1 CMakeFiles/waterpipe.dir/home/thomas/pico/pico-sdk/src/common/pico_sync/mutex.c.obj
                                        0x115 (size before relaxing)
 *fill*         0x000000001000bac1        0x3 
 .rodata.__func__.4193
                0x000000001000bac4       0x15 CMakeFiles/waterpipe.dir/home/thomas/pico/pico-sdk/src/common/pico_sync/mutex.c.obj
 *fill*         0x000000001000bad9        0x3 
 .rodata.__func__.4610
                0x000000001000badc       0x15 CMakeFiles/waterpipe.dir/home/thomas/pico/pico-sdk/src/common/pico_sync/mutex.c.obj
 *fill*         0x000000001000baf1        0x3 
 .rodata.__func__.4635
                0x000000001000baf4       0x18 CMakeFiles/waterpipe.dir/home/thomas/pico/pico-sdk/src/common/pico_sync/mutex.c.obj
 .rodata.__func__.4645
                0x000000001000bb0c        0xb CMakeFiles/waterpipe.dir/home/thomas/pico/pico-sdk/src/common/pico_sync/mutex.c.obj
 .rodata.ph_add_child_node.str1.4
                0x000000001000bb17       0x96 CMakeFiles/waterpipe.dir/home/thomas/pico/pico-sdk/src/common/pico_util/pheap.c.obj
 *fill*         0x000000001000bb17        0x1 
 .rodata.ph_remove_any_head.str1.4
                0x000000001000bb18       0x8c CMakeFiles/waterpipe.dir/home/thomas/pico/pico-sdk/src/common/pico_util/pheap.c.obj
 .rodata.ph_remove_and_free_node.str1.4
                0x000000001000bba4       0x26 CMakeFiles/waterpipe.dir/home/thomas/pico/pico-sdk/src/common/pico_util/pheap.c.obj
 *fill*         0x000000001000bbca        0x2 
 .rodata.__func__.5708
                0x000000001000bbcc        0xc CMakeFiles/waterpipe.dir/home/thomas/pico/pico-sdk/src/common/pico_util/pheap.c.obj
 .rodata.__func__.5715
                0x000000001000bbd8       0x12 CMakeFiles/waterpipe.dir/home/thomas/pico/pico-sdk/src/common/pico_util/pheap.c.obj
 *fill*         0x000000001000bbea        0x2 
 .rodata.__func__.5801
                0x000000001000bbec       0x13 CMakeFiles/waterpipe.dir/home/thomas/pico/pico-sdk/src/common/pico_util/pheap.c.obj
 *fill*         0x000000001000bbff        0x1 
 .rodata.__func__.5819
                0x000000001000bc00       0x18 CMakeFiles/waterpipe.dir/home/thomas/pico/pico-sdk/src/common/pico_util/pheap.c.obj
 .rodata.__assert_func.str1.4
                0x000000001000bc18       0x3f CMakeFiles/waterpipe.dir/home/thomas/pico/pico-sdk/src/rp2_common/pico_runtime/runtime.c.obj
                                         0x43 (size before relaxing)
 *fill*         0x000000001000bc57        0x1 
 .rodata.panic.str1.4
                0x000000001000bc58       0x10 CMakeFiles/waterpipe.dir/home/thomas/pico/pico-sdk/src/rp2_common/pico_runtime/runtime.c.obj
                                         0x12 (size before relaxing)
 .rodata.clock_configure.str1.4
                0x000000001000bc68       0x57 CMakeFiles/waterpipe.dir/home/thomas/pico/pico-sdk/src/rp2_common/hardware_clocks/clocks.c.obj
 *fill*         0x000000001000bcbf        0x1 
 .rodata.__func__.4667
                0x000000001000bcc0       0x10 CMakeFiles/waterpipe.dir/home/thomas/pico/pico-sdk/src/rp2_common/hardware_clocks/clocks.c.obj
 .rodata.make_branch.str1.4
                0x000000001000bcd0       0x4d CMakeFiles/waterpipe.dir/home/thomas/pico/pico-sdk/src/rp2_common/hardware_irq/irq.c.obj
 *fill*         0x000000001000bd1d        0x3 
 .rodata.irq_set_exclusive_handler.str1.4
                0x000000001000bd20       0x36 CMakeFiles/waterpipe.dir/home/thomas/pico/pico-sdk/src/rp2_common/hardware_irq/irq.c.obj
 *fill*         0x000000001000bd56        0x2 
 .rodata.irq_add_shared_handler.str1.4
                0x000000001000bd58       0xd9 CMakeFiles/waterpipe.dir/home/thomas/pico/pico-sdk/src/rp2_common/hardware_irq/irq.c.obj
 *fill*         0x000000001000be31        0x3 
 .rodata.irq_remove_handler.str1.4
                0x000000001000be34       0x2a CMakeFiles/waterpipe.dir/home/thomas/pico/pico-sdk/src/rp2_common/hardware_irq/irq.c.obj
 *fill*         0x000000001000be5e        0x2 
 .rodata.irq_add_tail_to_free_list.str1.4
                0x000000001000be60       0x32 CMakeFiles/waterpipe.dir/home/thomas/pico/pico-sdk/src/rp2_common/hardware_irq/irq.c.obj
                                         0x3a (size before relaxing)
 *fill*         0x000000001000be92        0x2 
 .rodata.__func__.4703
                0x000000001000be94       0x1a CMakeFiles/waterpipe.dir/home/thomas/pico/pico-sdk/src/rp2_common/hardware_irq/irq.c.obj
 *fill*         0x000000001000beae        0x2 
 .rodata.__func__.4717
                0x000000001000beb0        0xc CMakeFiles/waterpipe.dir/home/thomas/pico/pico-sdk/src/rp2_common/hardware_irq/irq.c.obj
 .rodata.__func__.4725
                0x000000001000bebc       0x17 CMakeFiles/waterpipe.dir/home/thomas/pico/pico-sdk/src/rp2_common/hardware_irq/irq.c.obj
 *fill*         0x000000001000bed3        0x1 
 .rodata.__func__.4729
                0x000000001000bed4        0xf CMakeFiles/waterpipe.dir/home/thomas/pico/pico-sdk/src/rp2_common/hardware_irq/irq.c.obj
 *fill*         0x000000001000bee3        0x1 
 .rodata.__func__.4768
                0x000000001000bee4       0x13 CMakeFiles/waterpipe.dir/home/thomas/pico/pico-sdk/src/rp2_common/hardware_irq/irq.c.obj
 *fill*         0x000000001000bef7        0x1 
 .rodata.__func__.4787
                0x000000001000bef8       0x1a CMakeFiles/waterpipe.dir/home/thomas/pico/pico-sdk/src/rp2_common/hardware_irq/irq.c.obj
 *fill*         0x000000001000bf12        0x2 
 .rodata.pll_init.str1.4
                0x000000001000bf14       0xdb CMakeFiles/waterpipe.dir/home/thomas/pico/pico-sdk/src/rp2_common/hardware_pll/pll.c.obj
 *fill*         0x000000001000bfef        0x1 
 .rodata.__func__.4402
                0x000000001000bff0        0x9 CMakeFiles/waterpipe.dir/home/thomas/pico/pico-sdk/src/rp2_common/hardware_pll/pll.c.obj
 *fill*         0x000000001000bff9        0x3 
 .rodata._ftoa.str1.4